Archive member included to satisfy reference by file (symbol)

c:/st/stm32cubeide_1.12.0/stm32cubeide/plugins/com.st.stm32cube.ide.mcu.externaltools.gnu-tools-for-stm32.10.3-2021.10.win32_1.0.200.202301161003/tools/bin/../lib/gcc/arm-none-eabi/10.3.1/../../../../arm-none-eabi/lib/thumb/v7e-m+fp/hard\libc_nano.a(lib_a-errno.o)
                              ./Core/Src/syscalls.o (__errno)
c:/st/stm32cubeide_1.12.0/stm32cubeide/plugins/com.st.stm32cube.ide.mcu.externaltools.gnu-tools-for-stm32.10.3-2021.10.win32_1.0.200.202301161003/tools/bin/../lib/gcc/arm-none-eabi/10.3.1/../../../../arm-none-eabi/lib/thumb/v7e-m+fp/hard\libc_nano.a(lib_a-exit.o)
                              c:/st/stm32cubeide_1.12.0/stm32cubeide/plugins/com.st.stm32cube.ide.mcu.externaltools.gnu-tools-for-stm32.10.3-2021.10.win32_1.0.200.202301161003/tools/bin/../lib/gcc/arm-none-eabi/10.3.1/../../../../arm-none-eabi/lib/thumb/v7e-m+fp/hard/crt0.o (exit)
c:/st/stm32cubeide_1.12.0/stm32cubeide/plugins/com.st.stm32cube.ide.mcu.externaltools.gnu-tools-for-stm32.10.3-2021.10.win32_1.0.200.202301161003/tools/bin/../lib/gcc/arm-none-eabi/10.3.1/../../../../arm-none-eabi/lib/thumb/v7e-m+fp/hard\libc_nano.a(lib_a-fclose.o)
                              ./Drivers/tof/platform/src/vl53l0x_platform_log.o (fclose)
c:/st/stm32cubeide_1.12.0/stm32cubeide/plugins/com.st.stm32cube.ide.mcu.externaltools.gnu-tools-for-stm32.10.3-2021.10.win32_1.0.200.202301161003/tools/bin/../lib/gcc/arm-none-eabi/10.3.1/../../../../arm-none-eabi/lib/thumb/v7e-m+fp/hard\libc_nano.a(lib_a-fflush.o)
                              c:/st/stm32cubeide_1.12.0/stm32cubeide/plugins/com.st.stm32cube.ide.mcu.externaltools.gnu-tools-for-stm32.10.3-2021.10.win32_1.0.200.202301161003/tools/bin/../lib/gcc/arm-none-eabi/10.3.1/../../../../arm-none-eabi/lib/thumb/v7e-m+fp/hard\libc_nano.a(lib_a-fclose.o) (__sflush_r)
c:/st/stm32cubeide_1.12.0/stm32cubeide/plugins/com.st.stm32cube.ide.mcu.externaltools.gnu-tools-for-stm32.10.3-2021.10.win32_1.0.200.202301161003/tools/bin/../lib/gcc/arm-none-eabi/10.3.1/../../../../arm-none-eabi/lib/thumb/v7e-m+fp/hard\libc_nano.a(lib_a-findfp.o)
                              c:/st/stm32cubeide_1.12.0/stm32cubeide/plugins/com.st.stm32cube.ide.mcu.externaltools.gnu-tools-for-stm32.10.3-2021.10.win32_1.0.200.202301161003/tools/bin/../lib/gcc/arm-none-eabi/10.3.1/../../../../arm-none-eabi/lib/thumb/v7e-m+fp/hard\libc_nano.a(lib_a-fclose.o) (__sfp_lock_acquire)
c:/st/stm32cubeide_1.12.0/stm32cubeide/plugins/com.st.stm32cube.ide.mcu.externaltools.gnu-tools-for-stm32.10.3-2021.10.win32_1.0.200.202301161003/tools/bin/../lib/gcc/arm-none-eabi/10.3.1/../../../../arm-none-eabi/lib/thumb/v7e-m+fp/hard\libc_nano.a(lib_a-fopen.o)
                              ./Drivers/tof/platform/src/vl53l0x_platform_log.o (fopen)
c:/st/stm32cubeide_1.12.0/stm32cubeide/plugins/com.st.stm32cube.ide.mcu.externaltools.gnu-tools-for-stm32.10.3-2021.10.win32_1.0.200.202301161003/tools/bin/../lib/gcc/arm-none-eabi/10.3.1/../../../../arm-none-eabi/lib/thumb/v7e-m+fp/hard\libc_nano.a(lib_a-fprintf.o)
                              ./Drivers/tof/platform/src/vl53l0x_platform_log.o (fprintf)
c:/st/stm32cubeide_1.12.0/stm32cubeide/plugins/com.st.stm32cube.ide.mcu.externaltools.gnu-tools-for-stm32.10.3-2021.10.win32_1.0.200.202301161003/tools/bin/../lib/gcc/arm-none-eabi/10.3.1/../../../../arm-none-eabi/lib/thumb/v7e-m+fp/hard\libc_nano.a(lib_a-fseek.o)
                              c:/st/stm32cubeide_1.12.0/stm32cubeide/plugins/com.st.stm32cube.ide.mcu.externaltools.gnu-tools-for-stm32.10.3-2021.10.win32_1.0.200.202301161003/tools/bin/../lib/gcc/arm-none-eabi/10.3.1/../../../../arm-none-eabi/lib/thumb/v7e-m+fp/hard\libc_nano.a(lib_a-fopen.o) (_fseek_r)
c:/st/stm32cubeide_1.12.0/stm32cubeide/plugins/com.st.stm32cube.ide.mcu.externaltools.gnu-tools-for-stm32.10.3-2021.10.win32_1.0.200.202301161003/tools/bin/../lib/gcc/arm-none-eabi/10.3.1/../../../../arm-none-eabi/lib/thumb/v7e-m+fp/hard\libc_nano.a(lib_a-fseeko.o)
                              c:/st/stm32cubeide_1.12.0/stm32cubeide/plugins/com.st.stm32cube.ide.mcu.externaltools.gnu-tools-for-stm32.10.3-2021.10.win32_1.0.200.202301161003/tools/bin/../lib/gcc/arm-none-eabi/10.3.1/../../../../arm-none-eabi/lib/thumb/v7e-m+fp/hard\libc_nano.a(lib_a-fseek.o) (_fseeko_r)
c:/st/stm32cubeide_1.12.0/stm32cubeide/plugins/com.st.stm32cube.ide.mcu.externaltools.gnu-tools-for-stm32.10.3-2021.10.win32_1.0.200.202301161003/tools/bin/../lib/gcc/arm-none-eabi/10.3.1/../../../../arm-none-eabi/lib/thumb/v7e-m+fp/hard\libc_nano.a(lib_a-fwalk.o)
                              c:/st/stm32cubeide_1.12.0/stm32cubeide/plugins/com.st.stm32cube.ide.mcu.externaltools.gnu-tools-for-stm32.10.3-2021.10.win32_1.0.200.202301161003/tools/bin/../lib/gcc/arm-none-eabi/10.3.1/../../../../arm-none-eabi/lib/thumb/v7e-m+fp/hard\libc_nano.a(lib_a-findfp.o) (_fwalk)
[...]
Memory Configuration

Name             Origin             Length             Attributes
RAM              0x0000000020000000 0x0000000000020000 xrw
FLASH            0x0000000008000000 0x0000000000080000 xr
*default*        0x0000000000000000 0xffffffffffffffff

Linker script and memory map

LOAD c:/st/stm32cubeide_1.12.0/stm32cubeide/plugins/com.st.stm32cube.ide.mcu.externaltools.gnu-tools-for-stm32.10.3-2021.10.win32_1.0.200.202301161003/tools/bin/../lib/gcc/arm-none-eabi/10.3.1/thumb/v7e-m+fp/hard/crti.o
LOAD c:/st/stm32cubeide_1.12.0/stm32cubeide/plugins/com.st.stm32cube.ide.mcu.externaltools.gnu-tools-for-stm32.10.3-2021.10.win32_1.0.200.202301161003/tools/bin/../lib/gcc/arm-none-eabi/10.3.1/thumb/v7e-m+fp/hard/crtbegin.o
LOAD c:/st/stm32cubeide_1.12.0/stm32cubeide/plugins/com.st.stm32cube.ide.mcu.externaltools.gnu-tools-for-stm32.10.3-2021.10.win32_1.0.200.202301161003/tools/bin/../lib/gcc/arm-none-eabi/10.3.1/../../../../arm-none-eabi/lib/thumb/v7e-m+fp/hard/crt0.o
LOAD ./Core/Src/main.o
LOAD ./Core/Src/stm32f4xx_hal_msp.o
LOAD ./Core/Src/stm32f4xx_it.o
LOAD ./Core/Src/syscalls.o
LOAD ./Core/Src/sysmem.o
LOAD ./Core/Src/system_stm32f4xx.o
LOAD ./Core/Startup/startup_stm32f411ceux.o
LOAD ./Drivers/Encoder/ENCODER.o
LOAD ./Drivers/FollowLine/FollowLine.o
LOAD ./Drivers/LineSensor/LineSen.o
LOAD ./Drivers/STM32F4xx_HAL_Driver/Src/stm32f4xx_hal.o
LOAD ./Drivers/STM32F4xx_HAL_Driver/Src/stm32f4xx_hal_cortex.o
LOAD ./Drivers/STM32F4xx_HAL_Driver/Src/stm32f4xx_hal_dma.o
LOAD ./Drivers/STM32F4xx_HAL_Driver/Src/stm32f4xx_hal_dma_ex.o
LOAD ./Drivers/STM32F4xx_HAL_Driver/Src/stm32f4xx_hal_exti.o
LOAD ./Drivers/STM32F4xx_HAL_Driver/Src/stm32f4xx_hal_flash.o
LOAD ./Drivers/STM32F4xx_HAL_Driver/Src/stm32f4xx_hal_flash_ex.o
LOAD ./Drivers/STM32F4xx_HAL_Driver/Src/stm32f4xx_hal_flash_ramfunc.o
LOAD ./Drivers/STM32F4xx_HAL_Driver/Src/stm32f4xx_hal_gpio.o
LOAD ./Drivers/STM32F4xx_HAL_Driver/Src/stm32f4xx_hal_i2c.o
LOAD ./Drivers/STM32F4xx_HAL_Driver/Src/stm32f4xx_hal_i2c_ex.o
LOAD ./Drivers/STM32F4xx_HAL_Driver/Src/stm32f4xx_hal_pwr.o
LOAD ./Drivers/STM32F4xx_HAL_Driver/Src/stm32f4xx_hal_pwr_ex.o
LOAD ./Drivers/STM32F4xx_HAL_Driver/Src/stm32f4xx_hal_rcc.o
LOAD ./Drivers/STM32F4xx_HAL_Driver/Src/stm32f4xx_hal_rcc_ex.o
LOAD ./Drivers/STM32F4xx_HAL_Driver/Src/stm32f4xx_hal_tim.o
LOAD ./Drivers/STM32F4xx_HAL_Driver/Src/stm32f4xx_hal_tim_ex.o
LOAD ./Drivers/STM32F4xx_HAL_Driver/Src/stm32f4xx_hal_uart.o
LOAD ./Drivers/Ultrasonic/UltraSonic.o
LOAD ./Drivers/motor/MOTOR_DRIVER.o
LOAD ./Drivers/tof/core/src/vl53l0x_api.o
LOAD ./Drivers/tof/core/src/vl53l0x_api_calibration.o
LOAD ./Drivers/tof/core/src/vl53l0x_api_core.o
LOAD ./Drivers/tof/core/src/vl53l0x_api_ranging.o
LOAD ./Drivers/tof/core/src/vl53l0x_api_strings.o
LOAD ./Drivers/tof/platform/src/vl53l0x_platform.o
LOAD ./Drivers/tof/platform/src/vl53l0x_platform_log.o
START GROUP
LOAD c:/st/stm32cubeide_1.12.0/stm32cubeide/plugins/com.st.stm32cube.ide.mcu.externaltools.gnu-tools-for-stm32.10.3-2021.10.win32_1.0.200.202301161003/tools/bin/../lib/gcc/arm-none-eabi/10.3.1/../../../../arm-none-eabi/lib/thumb/v7e-m+fp/hard\libc_nano.a
LOAD c:/st/stm32cubeide_1.12.0/stm32cubeide/plugins/com.st.stm32cube.ide.mcu.externaltools.gnu-tools-for-stm32.10.3-2021.10.win32_1.0.200.202301161003/tools/bin/../lib/gcc/arm-none-eabi/10.3.1/../../../../arm-none-eabi/lib/thumb/v7e-m+fp/hard\libm.a
END GROUP
START GROUP
LOAD c:/st/stm32cubeide_1.12.0/stm32cubeide/plugins/com.st.stm32cube.ide.mcu.externaltools.gnu-tools-for-stm32.10.3-2021.10.win32_1.0.200.202301161003/tools/bin/../lib/gcc/arm-none-eabi/10.3.1/thumb/v7e-m+fp/hard\libgcc.a
LOAD c:/st/stm32cubeide_1.12.0/stm32cubeide/plugins/com.st.stm32cube.ide.mcu.externaltools.gnu-tools-for-stm32.10.3-2021.10.win32_1.0.200.202301161003/tools/bin/../lib/gcc/arm-none-eabi/10.3.1/../../../../arm-none-eabi/lib/thumb/v7e-m+fp/hard\libc_nano.a
END GROUP
START GROUP
LOAD c:/st/stm32cubeide_1.12.0/stm32cubeide/plugins/com.st.stm32cube.ide.mcu.externaltools.gnu-tools-for-stm32.10.3-2021.10.win32_1.0.200.202301161003/tools/bin/../lib/gcc/arm-none-eabi/10.3.1/thumb/v7e-m+fp/hard\libgcc.a
LOAD c:/st/stm32cubeide_1.12.0/stm32cubeide/plugins/com.st.stm32cube.ide.mcu.externaltools.gnu-tools-for-stm32.10.3-2021.10.win32_1.0.200.202301161003/tools/bin/../lib/gcc/arm-none-eabi/10.3.1/../../../../arm-none-eabi/lib/thumb/v7e-m+fp/hard\libc_nano.a
LOAD c:/st/stm32cubeide_1.12.0/stm32cubeide/plugins/com.st.stm32cube.ide.mcu.externaltools.gnu-tools-for-stm32.10.3-2021.10.win32_1.0.200.202301161003/tools/bin/../lib/gcc/arm-none-eabi/10.3.1/../../../../arm-none-eabi/lib/thumb/v7e-m+fp/hard\libnosys.a
END GROUP
START GROUP
LOAD c:/st/stm32cubeide_1.12.0/stm32cubeide/plugins/com.st.stm32cube.ide.mcu.externaltools.gnu-tools-for-stm32.10.3-2021.10.win32_1.0.200.202301161003/tools/bin/../lib/gcc/arm-none-eabi/10.3.1/thumb/v7e-m+fp/hard\libgcc.a
LOAD c:/st/stm32cubeide_1.12.0/stm32cubeide/plugins/com.st.stm32cube.ide.mcu.externaltools.gnu-tools-for-stm32.10.3-2021.10.win32_1.0.200.202301161003/tools/bin/../lib/gcc/arm-none-eabi/10.3.1/../../../../arm-none-eabi/lib/thumb/v7e-m+fp/hard\libc_nano.a
LOAD c:/st/stm32cubeide_1.12.0/stm32cubeide/plugins/com.st.stm32cube.ide.mcu.externaltools.gnu-tools-for-stm32.10.3-2021.10.win32_1.0.200.202301161003/tools/bin/../lib/gcc/arm-none-eabi/10.3.1/../../../../arm-none-eabi/lib/thumb/v7e-m+fp/hard\libnosys.a
END GROUP
LOAD c:/st/stm32cubeide_1.12.0/stm32cubeide/plugins/com.st.stm32cube.ide.mcu.externaltools.gnu-tools-for-stm32.10.3-2021.10.win32_1.0.200.202301161003/tools/bin/../lib/gcc/arm-none-eabi/10.3.1/thumb/v7e-m+fp/hard/crtend.o
LOAD c:/st/stm32cubeide_1.12.0/stm32cubeide/plugins/com.st.stm32cube.ide.mcu.externaltools.gnu-tools-for-stm32.10.3-2021.10.win32_1.0.200.202301161003/tools/bin/../lib/gcc/arm-none-eabi/10.3.1/thumb/v7e-m+fp/hard/crtn.o
                0x0000000020020000                _estack = (ORIGIN (RAM) + LENGTH (RAM))
                0x0000000000000200                _Min_Heap_Size = 0x200
                0x0000000000000400                _Min_Stack_Size = 0x400

.isr_vector     0x0000000008000000      0x198
                0x0000000008000000                . = ALIGN (0x4)
 *(.isr_vector)
 .isr_vector    0x0000000008000000      0x198 ./Core/Startup/startup_stm32f411ceux.o
                0x0000000008000000                g_pfnVectors
                0x0000000008000198                . = ALIGN (0x4)

.text           0x00000000080001a0     0xb79c
                0x00000000080001a0                . = ALIGN (0x4)
 *(.text)
 .text          0x00000000080001a0       0x40 c:/st/stm32cubeide_1.12.0/stm32cubeide/plugins/com.st.stm32cube.ide.mcu.externaltools.gnu-tools-for-stm32.10.3-2021.10.win32_1.0.200.202301161003/tools/bin/../lib/gcc/arm-none-eabi/10.3.1/thumb/v7e-m+fp/hard/crtbegin.o
 .text          0x00000000080001e0       0xa0 c:/st/stm32cubeide_1.12.0/stm32cubeide/plugins/com.st.stm32cube.ide.mcu.externaltools.gnu-tools-for-stm32.10.3-2021.10.win32_1.0.200.202301161003/tools/bin/../lib/gcc/arm-none-eabi/10.3.1/../../../../arm-none-eabi/lib/thumb/v7e-m+fp/hard\libc_nano.a(lib_a-memchr.o)
                0x00000000080001e0                memchr
 .text          0x0000000008000280      0x254 c:/st/stm32cubeide_1.12.0/stm32cubeide/plugins/com.st.stm32cube.ide.mcu.externaltools.gnu-tools-for-stm32.10.3-2021.10.win32_1.0.200.202301161003/tools/bin/../lib/gcc/arm-none-eabi/10.3.1/thumb/v7e-m+fp/hard\libgcc.a(_arm_muldf3.o)
                0x0000000008000280                __muldf3
                0x0000000008000280                __aeabi_dmul
 .text          0x00000000080004d4      0x378 c:/st/stm32cubeide_1.12.0/stm32cubeide/plugins/com.st.stm32cube.ide.mcu.externaltools.gnu-tools-for-stm32.10.3-2021.10.win32_1.0.200.202301161003/tools/bin/../lib/gcc/arm-none-eabi/10.3.1/thumb/v7e-m+fp/hard\libgcc.a(_arm_addsubdf3.o)
                0x00000000080004d4                __aeabi_drsub
                0x00000000080004dc                __aeabi_dsub
                0x00000000080004dc                __subdf3
                0x00000000080004e0                __aeabi_dadd
                0x00000000080004e0                __adddf3
                0x0000000008000758                __floatunsidf
                0x0000000008000758                __aeabi_ui2d
                0x0000000008000778                __floatsidf
                0x0000000008000778                __aeabi_i2d
                0x000000000800079c                __aeabi_f2d
                0x000000000800079c                __extendsfdf2
                0x00000000080007e0                __floatundidf
                0x00000000080007e0                __aeabi_ul2d
                0x00000000080007f0                __floatdidf
                0x00000000080007f0                __aeabi_l2d
 .text          0x000000000800084c       0x40 c:/st/stm32cubeide_1.12.0/stm32cubeide/plugins/com.st.stm32cube.ide.mcu.externaltools.gnu-tools-for-stm32.10.3-2021.10.win32_1.0.200.202301161003/tools/bin/../lib/gcc/arm-none-eabi/10.3.1/thumb/v7e-m+fp/hard\libgcc.a(_arm_fixunsdfsi.o)
                0x000000000800084c                __aeabi_d2uiz
                0x000000000800084c                __fixunsdfsi
 .text          0x000000000800088c       0x30 c:/st/stm32cubeide_1.12.0/stm32cubeide/plugins/com.st.stm32cube.ide.mcu.externaltools.gnu-tools-for-stm32.10.3-2021.10.win32_1.0.200.202301161003/tools/bin/../lib/gcc/arm-none-eabi/10.3.1/thumb/v7e-m+fp/hard\libgcc.a(_aeabi_uldivmod.o)
                0x000000000800088c                __aeabi_uldivmod
 .text          0x00000000080008bc      0x2d0 c:/st/stm32cubeide_1.12.0/stm32cubeide/plugins/com.st.stm32cube.ide.mcu.externaltools.gnu-tools-for-stm32.10.3-2021.10.win32_1.0.200.202301161003/tools/bin/../lib/gcc/arm-none-eabi/10.3.1/thumb/v7e-m+fp/hard\libgcc.a(_udivmoddi4.o)
                0x00000000080008bc                __udivmoddi4
 .text          0x0000000008000b8c        0x4 c:/st/stm32cubeide_1.12.0/stm32cubeide/plugins/com.st.stm32cube.ide.mcu.externaltools.gnu-tools-for-stm32.10.3-2021.10.win32_1.0.200.202301161003/tools/bin/../lib/gcc/arm-none-eabi/10.3.1/thumb/v7e-m+fp/hard\libgcc.a(_dvmd_tls.o)
                0x0000000008000b8c                __aeabi_idiv0
                0x0000000008000b8c                __aeabi_ldiv0
 *(.text*)
 .text.main     0x0000000008000b90      0x1ec ./Core/Src/main.o
                0x0000000008000b90                main
 .text.SystemClock_Config
                0x0000000008000d7c       0xbc ./Core/Src/main.o
                0x0000000008000d7c                SystemClock_Config
 .text.MX_I2C1_Init
                0x0000000008000e38       0x5c ./Core/Src/main.o
 .text.MX_TIM1_Init
                0x0000000008000e94      0x168 ./Core/Src/main.o
 .text.MX_TIM2_Init
                0x0000000008000ffc      0x124 ./Core/Src/main.o
 .text.MX_TIM3_Init
                0x0000000008001120      0x128 ./Core/Src/main.o
 .text.MX_TIM4_Init
                0x0000000008001248       0xe0 ./Core/Src/main.o
 .text.MX_TIM10_Init
                0x0000000008001328       0x9c ./Core/Src/main.o
 .text.MX_USART1_UART_Init
                0x00000000080013c4       0x54 ./Core/Src/main.o
 .text.MX_USART6_UART_Init
                0x0000000008001418       0x54 ./Core/Src/main.o
 .text.MX_GPIO_Init
                0x000000000800146c       0xb4 ./Core/Src/main.o
 .text.HAL_TIM_IC_CaptureCallback
                0x0000000008001520      0x12c ./Core/Src/main.o
                0x0000000008001520                HAL_TIM_IC_CaptureCallback
 .text.Error_Handler
                0x000000000800164c        0xa ./Core/Src/main.o
                0x000000000800164c                Error_Handler
 *fill*         0x0000000008001656        0x2 
 .text.HAL_MspInit
                0x0000000008001658       0x50 ./Core/Src/stm32f4xx_hal_msp.o
                0x0000000008001658                HAL_MspInit
 .text.HAL_I2C_MspInit
                0x00000000080016a8       0x90 ./Core/Src/stm32f4xx_hal_msp.o
                0x00000000080016a8                HAL_I2C_MspInit
 .text.HAL_TIM_PWM_MspInit
                0x0000000008001738      0x10c ./Core/Src/stm32f4xx_hal_msp.o
                0x0000000008001738                HAL_TIM_PWM_MspInit
 .text.HAL_TIM_IC_MspInit
                0x0000000008001844       0x9c ./Core/Src/stm32f4xx_hal_msp.o
                0x0000000008001844                HAL_TIM_IC_MspInit
 .text.HAL_TIM_Base_MspInit
                0x00000000080018e0       0xcc ./Core/Src/stm32f4xx_hal_msp.o
                0x00000000080018e0                HAL_TIM_Base_MspInit
 .text.HAL_TIM_MspPostInit
                0x00000000080019ac      0x15c ./Core/Src/stm32f4xx_hal_msp.o
                0x00000000080019ac                HAL_TIM_MspPostInit
 .text.HAL_UART_MspInit
                0x0000000008001b08      0x13c ./Core/Src/stm32f4xx_hal_msp.o
                0x0000000008001b08                HAL_UART_MspInit
 .text.NMI_Handler
                0x0000000008001c44        0x6 ./Core/Src/stm32f4xx_it.o
                0x0000000008001c44                NMI_Handler
 .text.HardFault_Handler
                0x0000000008001c4a        0x6 ./Core/Src/stm32f4xx_it.o
                0x0000000008001c4a                HardFault_Handler
 .text.MemManage_Handler
                0x0000000008001c50        0x6 ./Core/Src/stm32f4xx_it.o
                0x0000000008001c50                MemManage_Handler
 .text.BusFault_Handler
                0x0000000008001c56        0x6 ./Core/Src/stm32f4xx_it.o
                0x0000000008001c56                BusFault_Handler
 .text.UsageFault_Handler
                0x0000000008001c5c        0x6 ./Core/Src/stm32f4xx_it.o
                0x0000000008001c5c                UsageFault_Handler
 .text.SVC_Handler
                0x0000000008001c62        0xe ./Core/Src/stm32f4xx_it.o
                0x0000000008001c62                SVC_Handler
 .text.DebugMon_Handler
                0x0000000008001c70        0xe ./Core/Src/stm32f4xx_it.o
                0x0000000008001c70                DebugMon_Handler
 .text.PendSV_Handler
                0x0000000008001c7e        0xe ./Core/Src/stm32f4xx_it.o
                0x0000000008001c7e                PendSV_Handler
 .text.SysTick_Handler
                0x0000000008001c8c        0xc ./Core/Src/stm32f4xx_it.o
                0x0000000008001c8c                SysTick_Handler
 .text.TIM2_IRQHandler
                0x0000000008001c98       0x14 ./Core/Src/stm32f4xx_it.o
                0x0000000008001c98                TIM2_IRQHandler
 .text.TIM3_IRQHandler
                0x0000000008001cac       0x14 ./Core/Src/stm32f4xx_it.o
                0x0000000008001cac                TIM3_IRQHandler
 .text.TIM4_IRQHandler
                0x0000000008001cc0       0x14 ./Core/Src/stm32f4xx_it.o
                0x0000000008001cc0                TIM4_IRQHandler
 .text._sbrk    0x0000000008001cd4       0x6c ./Core/Src/sysmem.o
                0x0000000008001cd4                _sbrk
 .text.SystemInit
                0x0000000008001d40       0x24 ./Core/Src/system_stm32f4xx.o
                0x0000000008001d40                SystemInit
 .text.Reset_Handler
                0x0000000008001d64       0x50 ./Core/Startup/startup_stm32f411ceux.o
                0x0000000008001d64                Reset_Handler
 .text.Default_Handler
                0x0000000008001db4        0x2 ./Core/Startup/startup_stm32f411ceux.o
                0x0000000008001db4                RTC_Alarm_IRQHandler
                0x0000000008001db4                EXTI2_IRQHandler
                0x0000000008001db4                SPI4_IRQHandler
                0x0000000008001db4                TIM1_CC_IRQHandler
                0x0000000008001db4                DMA2_Stream5_IRQHandler
                0x0000000008001db4                DMA1_Stream5_IRQHandler
                0x0000000008001db4                PVD_IRQHandler
                0x0000000008001db4                SDIO_IRQHandler
                0x0000000008001db4                TAMP_STAMP_IRQHandler
                0x0000000008001db4                EXTI3_IRQHandler
                0x0000000008001db4                TIM1_UP_TIM10_IRQHandler
                0x0000000008001db4                I2C3_ER_IRQHandler
                0x0000000008001db4                EXTI0_IRQHandler
                0x0000000008001db4                I2C2_EV_IRQHandler
                0x0000000008001db4                DMA1_Stream2_IRQHandler
                0x0000000008001db4                FPU_IRQHandler
                0x0000000008001db4                DMA2_Stream2_IRQHandler
                0x0000000008001db4                SPI1_IRQHandler
                0x0000000008001db4                TIM1_BRK_TIM9_IRQHandler
                0x0000000008001db4                DMA2_Stream3_IRQHandler
                0x0000000008001db4                USART6_IRQHandler
                0x0000000008001db4                DMA2_Stream0_IRQHandler
                0x0000000008001db4                I2C1_EV_IRQHandler
                0x0000000008001db4                DMA1_Stream6_IRQHandler
                0x0000000008001db4                DMA1_Stream1_IRQHandler
                0x0000000008001db4                RCC_IRQHandler
                0x0000000008001db4                Default_Handler
                0x0000000008001db4                EXTI15_10_IRQHandler
                0x0000000008001db4                ADC_IRQHandler
                0x0000000008001db4                DMA1_Stream7_IRQHandler
                0x0000000008001db4                SPI5_IRQHandler
                0x0000000008001db4                TIM5_IRQHandler
                0x0000000008001db4                DMA2_Stream7_IRQHandler
                0x0000000008001db4                I2C3_EV_IRQHandler
                0x0000000008001db4                EXTI9_5_IRQHandler
                0x0000000008001db4                RTC_WKUP_IRQHandler
                0x0000000008001db4                SPI2_IRQHandler
                0x0000000008001db4                DMA1_Stream0_IRQHandler
                0x0000000008001db4                EXTI4_IRQHandler
                0x0000000008001db4                WWDG_IRQHandler
                0x0000000008001db4                OTG_FS_WKUP_IRQHandler
                0x0000000008001db4                TIM1_TRG_COM_TIM11_IRQHandler
                0x0000000008001db4                EXTI1_IRQHandler
                0x0000000008001db4                USART2_IRQHandler
                0x0000000008001db4                I2C2_ER_IRQHandler
                0x0000000008001db4                DMA2_Stream1_IRQHandler
                0x0000000008001db4                FLASH_IRQHandler
                0x0000000008001db4                DMA2_Stream4_IRQHandler
                0x0000000008001db4                USART1_IRQHandler
                0x0000000008001db4                OTG_FS_IRQHandler
                0x0000000008001db4                SPI3_IRQHandler
                0x0000000008001db4                DMA1_Stream4_IRQHandler
                0x0000000008001db4                I2C1_ER_IRQHandler
                0x0000000008001db4                DMA2_Stream6_IRQHandler
                0x0000000008001db4                DMA1_Stream3_IRQHandler
 *fill*         0x0000000008001db6        0x2 
 .text.enc_display_pulses_LHS
                0x0000000008001db8       0x58 ./Drivers/Encoder/ENCODER.o
                0x0000000008001db8                enc_display_pulses_LHS
 .text.enc_display_pulses_RHS
                0x0000000008001e10       0x58 ./Drivers/Encoder/ENCODER.o
                0x0000000008001e10                enc_display_pulses_RHS
 .text.FollowLine2
                0x0000000008001e68       0xc4 ./Drivers/FollowLine/FollowLine.o
                0x0000000008001e68                FollowLine2
 .text.LineSenGetStatusLEFT
                0x0000000008001f2c       0x34 ./Drivers/LineSensor/LineSen.o
                0x0000000008001f2c                LineSenGetStatusLEFT
 .text.LineSenGetStatusRIGHT
                0x0000000008001f60       0x34 ./Drivers/LineSensor/LineSen.o
                0x0000000008001f60                LineSenGetStatusRIGHT
 .text.HAL_Init
                0x0000000008001f94       0x44 ./Drivers/STM32F4xx_HAL_Driver/Src/stm32f4xx_hal.o
                0x0000000008001f94                HAL_Init
 .text.HAL_InitTick
                0x0000000008001fd8       0x60 ./Drivers/STM32F4xx_HAL_Driver/Src/stm32f4xx_hal.o
                0x0000000008001fd8                HAL_InitTick
 .text.HAL_IncTick
                0x0000000008002038       0x28 ./Drivers/STM32F4xx_HAL_Driver/Src/stm32f4xx_hal.o
                0x0000000008002038                HAL_IncTick
 .text.HAL_GetTick
                0x0000000008002060       0x18 ./Drivers/STM32F4xx_HAL_Driver/Src/stm32f4xx_hal.o
                0x0000000008002060                HAL_GetTick
 .text.HAL_Delay
                0x0000000008002078       0x48 ./Drivers/STM32F4xx_HAL_Driver/Src/stm32f4xx_hal.o
                0x0000000008002078                HAL_Delay
 .text.__NVIC_SetPriorityGrouping
                0x00000000080020c0       0x48 ./Drivers/STM32F4xx_HAL_Driver/Src/stm32f4xx_hal_cortex.o
 .text.__NVIC_GetPriorityGrouping
                0x0000000008002108       0x1c ./Drivers/STM32F4xx_HAL_Driver/Src/stm32f4xx_hal_cortex.o
 .text.__NVIC_EnableIRQ
                0x0000000008002124       0x3c ./Drivers/STM32F4xx_HAL_Driver/Src/stm32f4xx_hal_cortex.o
 .text.__NVIC_SetPriority
                0x0000000008002160       0x54 ./Drivers/STM32F4xx_HAL_Driver/Src/stm32f4xx_hal_cortex.o
 .text.NVIC_EncodePriority
                0x00000000080021b4       0x66 ./Drivers/STM32F4xx_HAL_Driver/Src/stm32f4xx_hal_cortex.o
 *fill*         0x000000000800221a        0x2 
 .text.SysTick_Config
                0x000000000800221c       0x44 ./Drivers/STM32F4xx_HAL_Driver/Src/stm32f4xx_hal_cortex.o
 .text.HAL_NVIC_SetPriorityGrouping
                0x0000000008002260       0x16 ./Drivers/STM32F4xx_HAL_Driver/Src/stm32f4xx_hal_cortex.o
                0x0000000008002260                HAL_NVIC_SetPriorityGrouping
 .text.HAL_NVIC_SetPriority
                0x0000000008002276       0x38 ./Drivers/STM32F4xx_HAL_Driver/Src/stm32f4xx_hal_cortex.o
                0x0000000008002276                HAL_NVIC_SetPriority
 .text.HAL_NVIC_EnableIRQ
                0x00000000080022ae       0x1c ./Drivers/STM32F4xx_HAL_Driver/Src/stm32f4xx_hal_cortex.o
                0x00000000080022ae                HAL_NVIC_EnableIRQ
 .text.HAL_SYSTICK_Config
                0x00000000080022ca       0x18 ./Drivers/STM32F4xx_HAL_Driver/Src/stm32f4xx_hal_cortex.o
                0x00000000080022ca                HAL_SYSTICK_Config
 *fill*         0x00000000080022e2        0x2 
 .text.HAL_GPIO_Init
                0x00000000080022e4      0x308 ./Drivers/STM32F4xx_HAL_Driver/Src/stm32f4xx_hal_gpio.o
                0x00000000080022e4                HAL_GPIO_Init
 .text.HAL_GPIO_ReadPin
                0x00000000080025ec       0x30 ./Drivers/STM32F4xx_HAL_Driver/Src/stm32f4xx_hal_gpio.o
                0x00000000080025ec                HAL_GPIO_ReadPin
 .text.HAL_GPIO_WritePin
                0x000000000800261c       0x32 ./Drivers/STM32F4xx_HAL_Driver/Src/stm32f4xx_hal_gpio.o
                0x000000000800261c                HAL_GPIO_WritePin
 *fill*         0x000000000800264e        0x2 
 .text.HAL_I2C_Init
                0x0000000008002650      0x288 ./Drivers/STM32F4xx_HAL_Driver/Src/stm32f4xx_hal_i2c.o
                0x0000000008002650                HAL_I2C_Init
 .text.HAL_I2C_Master_Transmit
                0x00000000080028d8      0x1fc ./Drivers/STM32F4xx_HAL_Driver/Src/stm32f4xx_hal_i2c.o
                0x00000000080028d8                HAL_I2C_Master_Transmit
 .text.HAL_I2C_Master_Receive
                0x0000000008002ad4      0x44c ./Drivers/STM32F4xx_HAL_Driver/Src/stm32f4xx_hal_i2c.o
                0x0000000008002ad4                HAL_I2C_Master_Receive
 .text.I2C_MasterRequestWrite
                0x0000000008002f20      0x104 ./Drivers/STM32F4xx_HAL_Driver/Src/stm32f4xx_hal_i2c.o
 .text.I2C_MasterRequestRead
                0x0000000008003024      0x19c ./Drivers/STM32F4xx_HAL_Driver/Src/stm32f4xx_hal_i2c.o
 .text.I2C_WaitOnFlagUntilTimeout
                0x00000000080031c0       0xae ./Drivers/STM32F4xx_HAL_Driver/Src/stm32f4xx_hal_i2c.o
 .text.I2C_WaitOnMasterAddressFlagUntilTimeout
                0x000000000800326e       0xfe ./Drivers/STM32F4xx_HAL_Driver/Src/stm32f4xx_hal_i2c.o
 .text.I2C_WaitOnTXEFlagUntilTimeout
                0x000000000800336c       0x82 ./Drivers/STM32F4xx_HAL_Driver/Src/stm32f4xx_hal_i2c.o
 .text.I2C_WaitOnBTFFlagUntilTimeout
                0x00000000080033ee       0x82 ./Drivers/STM32F4xx_HAL_Driver/Src/stm32f4xx_hal_i2c.o
 .text.I2C_WaitOnRXNEFlagUntilTimeout
                0x0000000008003470       0xac ./Drivers/STM32F4xx_HAL_Driver/Src/stm32f4xx_hal_i2c.o
 .text.I2C_IsAcknowledgeFailed
                0x000000000800351c       0x5e ./Drivers/STM32F4xx_HAL_Driver/Src/stm32f4xx_hal_i2c.o
 *fill*         0x000000000800357a        0x2 
 .text.HAL_RCC_OscConfig
                0x000000000800357c      0x4f0 ./Drivers/STM32F4xx_HAL_Driver/Src/stm32f4xx_hal_rcc.o
                0x000000000800357c                HAL_RCC_OscConfig
 .text.HAL_RCC_ClockConfig
                0x0000000008003a6c      0x1cc ./Drivers/STM32F4xx_HAL_Driver/Src/stm32f4xx_hal_rcc.o
                0x0000000008003a6c                HAL_RCC_ClockConfig
 .text.HAL_RCC_GetSysClockFreq
                0x0000000008003c38      0x18c ./Drivers/STM32F4xx_HAL_Driver/Src/stm32f4xx_hal_rcc.o
                0x0000000008003c38                HAL_RCC_GetSysClockFreq
 .text.HAL_RCC_GetHCLKFreq
                0x0000000008003dc4       0x18 ./Drivers/STM32F4xx_HAL_Driver/Src/stm32f4xx_hal_rcc.o
                0x0000000008003dc4                HAL_RCC_GetHCLKFreq
 .text.HAL_RCC_GetPCLK1Freq
                0x0000000008003ddc       0x28 ./Drivers/STM32F4xx_HAL_Driver/Src/stm32f4xx_hal_rcc.o
                0x0000000008003ddc                HAL_RCC_GetPCLK1Freq
 .text.HAL_RCC_GetPCLK2Freq
                0x0000000008003e04       0x28 ./Drivers/STM32F4xx_HAL_Driver/Src/stm32f4xx_hal_rcc.o
                0x0000000008003e04                HAL_RCC_GetPCLK2Freq
 .text.HAL_TIM_Base_Init
                0x0000000008003e2c       0x9e ./Drivers/STM32F4xx_HAL_Driver/Src/stm32f4xx_hal_tim.o
                0x0000000008003e2c                HAL_TIM_Base_Init
 *fill*         0x0000000008003eca        0x2 
 .text.HAL_TIM_Base_Start_IT
                0x0000000008003ecc       0xc4 ./Drivers/STM32F4xx_HAL_Driver/Src/stm32f4xx_hal_tim.o
                0x0000000008003ecc                HAL_TIM_Base_Start_IT
 .text.HAL_TIM_PWM_Init
                0x0000000008003f90       0x9e ./Drivers/STM32F4xx_HAL_Driver/Src/stm32f4xx_hal_tim.o
                0x0000000008003f90                HAL_TIM_PWM_Init
 *fill*         0x000000000800402e        0x2 
 .text.HAL_TIM_PWM_Start
                0x0000000008004030      0x160 ./Drivers/STM32F4xx_HAL_Driver/Src/stm32f4xx_hal_tim.o
                0x0000000008004030                HAL_TIM_PWM_Start
 .text.HAL_TIM_IC_Init
                0x0000000008004190       0x9e ./Drivers/STM32F4xx_HAL_Driver/Src/stm32f4xx_hal_tim.o
                0x0000000008004190                HAL_TIM_IC_Init
 *fill*         0x000000000800422e        0x2 
 .text.HAL_TIM_IC_Start_IT
                0x0000000008004230      0x234 ./Drivers/STM32F4xx_HAL_Driver/Src/stm32f4xx_hal_tim.o
                0x0000000008004230                HAL_TIM_IC_Start_IT
 .text.HAL_TIM_IRQHandler
                0x0000000008004464      0x210 ./Drivers/STM32F4xx_HAL_Driver/Src/stm32f4xx_hal_tim.o
                0x0000000008004464                HAL_TIM_IRQHandler
 .text.HAL_TIM_IC_ConfigChannel
                0x0000000008004674      0x138 ./Drivers/STM32F4xx_HAL_Driver/Src/stm32f4xx_hal_tim.o
                0x0000000008004674                HAL_TIM_IC_ConfigChannel
 .text.HAL_TIM_PWM_ConfigChannel
                0x00000000080047ac      0x184 ./Drivers/STM32F4xx_HAL_Driver/Src/stm32f4xx_hal_tim.o
                0x00000000080047ac                HAL_TIM_PWM_ConfigChannel
 .text.HAL_TIM_ConfigClockSource
                0x0000000008004930      0x18e ./Drivers/STM32F4xx_HAL_Driver/Src/stm32f4xx_hal_tim.o
                0x0000000008004930                HAL_TIM_ConfigClockSource
 *fill*         0x0000000008004abe        0x2 
 .text.HAL_TIM_ReadCapturedValue
                0x0000000008004ac0       0x88 ./Drivers/STM32F4xx_HAL_Driver/Src/stm32f4xx_hal_tim.o
                0x0000000008004ac0                HAL_TIM_ReadCapturedValue
 .text.HAL_TIM_PeriodElapsedCallback
                0x0000000008004b48       0x14 ./Drivers/STM32F4xx_HAL_Driver/Src/stm32f4xx_hal_tim.o
                0x0000000008004b48                HAL_TIM_PeriodElapsedCallback
 .text.HAL_TIM_OC_DelayElapsedCallback
                0x0000000008004b5c       0x14 ./Drivers/STM32F4xx_HAL_Driver/Src/stm32f4xx_hal_tim.o
                0x0000000008004b5c                HAL_TIM_OC_DelayElapsedCallback
 .text.HAL_TIM_PWM_PulseFinishedCallback
                0x0000000008004b70       0x14 ./Drivers/STM32F4xx_HAL_Driver/Src/stm32f4xx_hal_tim.o
                0x0000000008004b70                HAL_TIM_PWM_PulseFinishedCallback
 .text.HAL_TIM_TriggerCallback
                0x0000000008004b84       0x14 ./Drivers/STM32F4xx_HAL_Driver/Src/stm32f4xx_hal_tim.o
                0x0000000008004b84                HAL_TIM_TriggerCallback
 .text.TIM_Base_SetConfig
                0x0000000008004b98      0x100 ./Drivers/STM32F4xx_HAL_Driver/Src/stm32f4xx_hal_tim.o
                0x0000000008004b98                TIM_Base_SetConfig
 .text.TIM_OC1_SetConfig
                0x0000000008004c98       0xcc ./Drivers/STM32F4xx_HAL_Driver/Src/stm32f4xx_hal_tim.o
 .text.TIM_OC2_SetConfig
                0x0000000008004d64       0xd8 ./Drivers/STM32F4xx_HAL_Driver/Src/stm32f4xx_hal_tim.o
                0x0000000008004d64                TIM_OC2_SetConfig
 .text.TIM_OC3_SetConfig
                0x0000000008004e3c       0xd4 ./Drivers/STM32F4xx_HAL_Driver/Src/stm32f4xx_hal_tim.o
 .text.TIM_OC4_SetConfig
                0x0000000008004f10       0xa0 ./Drivers/STM32F4xx_HAL_Driver/Src/stm32f4xx_hal_tim.o
 .text.TIM_TI1_SetConfig
                0x0000000008004fb0       0xd0 ./Drivers/STM32F4xx_HAL_Driver/Src/stm32f4xx_hal_tim.o
                0x0000000008004fb0                TIM_TI1_SetConfig
 .text.TIM_TI1_ConfigInputStage
                0x0000000008005080       0x5e ./Drivers/STM32F4xx_HAL_Driver/Src/stm32f4xx_hal_tim.o
 .text.TIM_TI2_SetConfig
                0x00000000080050de       0x7a ./Drivers/STM32F4xx_HAL_Driver/Src/stm32f4xx_hal_tim.o
 .text.TIM_TI2_ConfigInputStage
                0x0000000008005158       0x60 ./Drivers/STM32F4xx_HAL_Driver/Src/stm32f4xx_hal_tim.o
 .text.TIM_TI3_SetConfig
                0x00000000080051b8       0x78 ./Drivers/STM32F4xx_HAL_Driver/Src/stm32f4xx_hal_tim.o
 .text.TIM_TI4_SetConfig
                0x0000000008005230       0x7a ./Drivers/STM32F4xx_HAL_Driver/Src/stm32f4xx_hal_tim.o
 .text.TIM_ITRx_SetConfig
                0x00000000080052aa       0x36 ./Drivers/STM32F4xx_HAL_Driver/Src/stm32f4xx_hal_tim.o
 .text.TIM_ETR_SetConfig
                0x00000000080052e0       0x40 ./Drivers/STM32F4xx_HAL_Driver/Src/stm32f4xx_hal_tim.o
                0x00000000080052e0                TIM_ETR_SetConfig
 .text.TIM_CCxChannelCmd
                0x0000000008005320       0x4a ./Drivers/STM32F4xx_HAL_Driver/Src/stm32f4xx_hal_tim.o
                0x0000000008005320                TIM_CCxChannelCmd
 *fill*         0x000000000800536a        0x2 
 .text.HAL_TIMEx_MasterConfigSynchronization
                0x000000000800536c       0xdc ./Drivers/STM32F4xx_HAL_Driver/Src/stm32f4xx_hal_tim_ex.o
                0x000000000800536c                HAL_TIMEx_MasterConfigSynchronization
 .text.HAL_TIMEx_ConfigBreakDeadTime
                0x0000000008005448       0xa4 ./Drivers/STM32F4xx_HAL_Driver/Src/stm32f4xx_hal_tim_ex.o
                0x0000000008005448                HAL_TIMEx_ConfigBreakDeadTime
 .text.HAL_TIMEx_CommutCallback
                0x00000000080054ec       0x14 ./Drivers/STM32F4xx_HAL_Driver/Src/stm32f4xx_hal_tim_ex.o
                0x00000000080054ec                HAL_TIMEx_CommutCallback
 .text.HAL_TIMEx_BreakCallback
                0x0000000008005500       0x14 ./Drivers/STM32F4xx_HAL_Driver/Src/stm32f4xx_hal_tim_ex.o
                0x0000000008005500                HAL_TIMEx_BreakCallback
 .text.HAL_UART_Init
                0x0000000008005514       0x9a ./Drivers/STM32F4xx_HAL_Driver/Src/stm32f4xx_hal_uart.o
                0x0000000008005514                HAL_UART_Init
 .text.HAL_UART_Transmit
                0x00000000080055ae      0x124 ./Drivers/STM32F4xx_HAL_Driver/Src/stm32f4xx_hal_uart.o
                0x00000000080055ae                HAL_UART_Transmit
 .text.UART_WaitOnFlagUntilTimeout
                0x00000000080056d2       0xdc ./Drivers/STM32F4xx_HAL_Driver/Src/stm32f4xx_hal_uart.o
 *fill*         0x00000000080057ae        0x2 
 .text.UART_SetConfig
                0x00000000080057b0      0x4e8 ./Drivers/STM32F4xx_HAL_Driver/Src/stm32f4xx_hal_uart.o
 .text.UltraSonicStartPulse
                0x0000000008005c98       0x30 ./Drivers/Ultrasonic/UltraSonic.o
                0x0000000008005c98                UltraSonicStartPulse
 .text.UltraSonicPrepInterrupt
                0x0000000008005cc8       0x2c ./Drivers/Ultrasonic/UltraSonic.o
                0x0000000008005cc8                UltraSonicPrepInterrupt
 .text.UltraSonicGetDist
                0x0000000008005cf4       0x18 ./Drivers/Ultrasonic/UltraSonic.o
                0x0000000008005cf4                UltraSonicGetDist
 .text.UltraSonicCalcDist
                0x0000000008005d0c       0xfc ./Drivers/Ultrasonic/UltraSonic.o
                0x0000000008005d0c                UltraSonicCalcDist
 .text.driverev_RHS
                0x0000000008005e08       0x60 ./Drivers/motor/MOTOR_DRIVER.o
                0x0000000008005e08                driverev_RHS
 .text.driverev_LHS
                0x0000000008005e68       0x64 ./Drivers/motor/MOTOR_DRIVER.o
                0x0000000008005e68                driverev_LHS
 .text.VL53L0X_GetOffsetCalibrationDataMicroMeter
                0x0000000008005ecc       0x26 ./Drivers/tof/core/src/vl53l0x_api.o
                0x0000000008005ecc                VL53L0X_GetOffsetCalibrationDataMicroMeter
 *fill*         0x0000000008005ef2        0x2 
 .text.VL53L0X_DataInit
                0x0000000008005ef4      0x30c ./Drivers/tof/core/src/vl53l0x_api.o
                0x0000000008005ef4                VL53L0X_DataInit
 .text.VL53L0X_StaticInit
                0x0000000008006200      0x308 ./Drivers/tof/core/src/vl53l0x_api.o
                0x0000000008006200                VL53L0X_StaticInit
 .text.VL53L0X_WaitDeviceBooted
                0x0000000008006508       0x1c ./Drivers/tof/core/src/vl53l0x_api.o
                0x0000000008006508                VL53L0X_WaitDeviceBooted
 .text.VL53L0X_GetDeviceParameters
                0x0000000008006524      0x16a ./Drivers/tof/core/src/vl53l0x_api.o
                0x0000000008006524                VL53L0X_GetDeviceParameters
 *fill*         0x000000000800668e        0x2 
 .text.VL53L0X_SetDeviceMode
                0x0000000008006690       0x58 ./Drivers/tof/core/src/vl53l0x_api.o
                0x0000000008006690                VL53L0X_SetDeviceMode
 .text.VL53L0X_GetDeviceMode
                0x00000000080066e8       0x26 ./Drivers/tof/core/src/vl53l0x_api.o
                0x00000000080066e8                VL53L0X_GetDeviceMode
 .text.VL53L0X_GetFractionEnable
                0x000000000800670e       0x3e ./Drivers/tof/core/src/vl53l0x_api.o
                0x000000000800670e                VL53L0X_GetFractionEnable
 .text.VL53L0X_SetMeasurementTimingBudgetMicroSeconds
                0x000000000800674c       0x26 ./Drivers/tof/core/src/vl53l0x_api.o
                0x000000000800674c                VL53L0X_SetMeasurementTimingBudgetMicroSeconds
 .text.VL53L0X_GetMeasurementTimingBudgetMicroSeconds
                0x0000000008006772       0x26 ./Drivers/tof/core/src/vl53l0x_api.o
                0x0000000008006772                VL53L0X_GetMeasurementTimingBudgetMicroSeconds
 .text.VL53L0X_SetVcselPulsePeriod
                0x0000000008006798       0x30 ./Drivers/tof/core/src/vl53l0x_api.o
                0x0000000008006798                VL53L0X_SetVcselPulsePeriod
 .text.VL53L0X_GetVcselPulsePeriod
                0x00000000080067c8       0x2e ./Drivers/tof/core/src/vl53l0x_api.o
                0x00000000080067c8                VL53L0X_GetVcselPulsePeriod
 *fill*         0x00000000080067f6        0x2 
 .text.VL53L0X_SetSequenceStepEnable
                0x00000000080067f8      0x144 ./Drivers/tof/core/src/vl53l0x_api.o
                0x00000000080067f8                VL53L0X_SetSequenceStepEnable
 .text.sequence_step_enabled
                0x000000000800693c       0xa4 ./Drivers/tof/core/src/vl53l0x_api.o
                0x000000000800693c                sequence_step_enabled
 .text.VL53L0X_GetSequenceStepEnables
                0x00000000080069e0       0xb0 ./Drivers/tof/core/src/vl53l0x_api.o
                0x00000000080069e0                VL53L0X_GetSequenceStepEnables
 .text.VL53L0X_GetInterMeasurementPeriodMilliSeconds
                0x0000000008006a90       0x68 ./Drivers/tof/core/src/vl53l0x_api.o
                0x0000000008006a90                VL53L0X_GetInterMeasurementPeriodMilliSeconds
 .text.VL53L0X_GetXTalkCompensationEnable
                0x0000000008006af8       0x2a ./Drivers/tof/core/src/vl53l0x_api.o
                0x0000000008006af8                VL53L0X_GetXTalkCompensationEnable
 .text.VL53L0X_GetXTalkCompensationRateMegaCps
                0x0000000008006b22       0x66 ./Drivers/tof/core/src/vl53l0x_api.o
                0x0000000008006b22                VL53L0X_GetXTalkCompensationRateMegaCps
 .text.VL53L0X_SetLimitCheckEnable
                0x0000000008006b88      0x118 ./Drivers/tof/core/src/vl53l0x_api.o
                0x0000000008006b88                VL53L0X_SetLimitCheckEnable
 .text.VL53L0X_GetLimitCheckEnable
                0x0000000008006ca0       0x46 ./Drivers/tof/core/src/vl53l0x_api.o
                0x0000000008006ca0                VL53L0X_GetLimitCheckEnable
 *fill*         0x0000000008006ce6        0x2 
 .text.VL53L0X_SetLimitCheckValue
                0x0000000008006ce8       0xc4 ./Drivers/tof/core/src/vl53l0x_api.o
                0x0000000008006ce8                VL53L0X_SetLimitCheckValue
 .text.VL53L0X_GetLimitCheckValue
                0x0000000008006dac      0x11c ./Drivers/tof/core/src/vl53l0x_api.o
                0x0000000008006dac                VL53L0X_GetLimitCheckValue
 .text.VL53L0X_GetWrapAroundCheckEnable
                0x0000000008006ec8       0x64 ./Drivers/tof/core/src/vl53l0x_api.o
                0x0000000008006ec8                VL53L0X_GetWrapAroundCheckEnable
 .text.VL53L0X_PerformSingleMeasurement
                0x0000000008006f2c       0x68 ./Drivers/tof/core/src/vl53l0x_api.o
                0x0000000008006f2c                VL53L0X_PerformSingleMeasurement
 .text.VL53L0X_PerformRefCalibration
                0x0000000008006f94       0x2c ./Drivers/tof/core/src/vl53l0x_api.o
                0x0000000008006f94                VL53L0X_PerformRefCalibration
 .text.VL53L0X_CheckAndLoadInterruptSettings
                0x0000000008006fc0      0x1e4 ./Drivers/tof/core/src/vl53l0x_api.o
                0x0000000008006fc0                VL53L0X_CheckAndLoadInterruptSettings
 .text.VL53L0X_StartMeasurement
                0x00000000080071a4      0x184 ./Drivers/tof/core/src/vl53l0x_api.o
                0x00000000080071a4                VL53L0X_StartMeasurement
 .text.VL53L0X_GetMeasurementDataReady
                0x0000000008007328       0x80 ./Drivers/tof/core/src/vl53l0x_api.o
                0x0000000008007328                VL53L0X_GetMeasurementDataReady
 .text.VL53L0X_GetRangingMeasurementData
                0x00000000080073a8      0x248 ./Drivers/tof/core/src/vl53l0x_api.o
                0x00000000080073a8                VL53L0X_GetRangingMeasurementData
 .text.VL53L0X_PerformSingleRangingMeasurement
                0x00000000080075f0       0x60 ./Drivers/tof/core/src/vl53l0x_api.o
                0x00000000080075f0                VL53L0X_PerformSingleRangingMeasurement
 .text.VL53L0X_SetGpioConfig
                0x0000000008007650      0x248 ./Drivers/tof/core/src/vl53l0x_api.o
                0x0000000008007650                VL53L0X_SetGpioConfig
 .text.VL53L0X_GetInterruptThresholds
                0x0000000008007898       0x6c ./Drivers/tof/core/src/vl53l0x_api.o
                0x0000000008007898                VL53L0X_GetInterruptThresholds
 .text.VL53L0X_ClearInterruptMask
                0x0000000008007904       0x80 ./Drivers/tof/core/src/vl53l0x_api.o
                0x0000000008007904                VL53L0X_ClearInterruptMask
 .text.VL53L0X_GetInterruptMaskStatus
                0x0000000008007984       0x44 ./Drivers/tof/core/src/vl53l0x_api.o
                0x0000000008007984                VL53L0X_GetInterruptMaskStatus
 .text.VL53L0X_PerformRefSpadManagement
                0x00000000080079c8       0x2a ./Drivers/tof/core/src/vl53l0x_api.o
                0x00000000080079c8                VL53L0X_PerformRefSpadManagement
 .text.VL53L0X_get_offset_calibration_data_micro_meter
                0x00000000080079f2       0x7e ./Drivers/tof/core/src/vl53l0x_api_calibration.o
                0x00000000080079f2                VL53L0X_get_offset_calibration_data_micro_meter
 .text.get_next_good_spad
                0x0000000008007a70       0xbc ./Drivers/tof/core/src/vl53l0x_api_calibration.o
                0x0000000008007a70                get_next_good_spad
 .text.is_aperture
                0x0000000008007b2c       0x34 ./Drivers/tof/core/src/vl53l0x_api_calibration.o
                0x0000000008007b2c                is_aperture
 .text.enable_spad_bit
                0x0000000008007b60       0x70 ./Drivers/tof/core/src/vl53l0x_api_calibration.o
                0x0000000008007b60                enable_spad_bit
 .text.set_ref_spad_map
                0x0000000008007bd0       0x26 ./Drivers/tof/core/src/vl53l0x_api_calibration.o
                0x0000000008007bd0                set_ref_spad_map
 .text.get_ref_spad_map
                0x0000000008007bf6       0x26 ./Drivers/tof/core/src/vl53l0x_api_calibration.o
                0x0000000008007bf6                get_ref_spad_map
 .text.enable_ref_spads
                0x0000000008007c1c       0xf8 ./Drivers/tof/core/src/vl53l0x_api_calibration.o
                0x0000000008007c1c                enable_ref_spads
 .text.perform_ref_signal_measurement
                0x0000000008007d14       0xd4 ./Drivers/tof/core/src/vl53l0x_api_calibration.o
                0x0000000008007d14                perform_ref_signal_measurement
 .text.VL53L0X_perform_ref_spad_management
                0x0000000008007de8      0x418 ./Drivers/tof/core/src/vl53l0x_api_calibration.o
                0x0000000008007de8                VL53L0X_perform_ref_spad_management
 .text.VL53L0X_set_reference_spads
                0x0000000008008200      0x14a ./Drivers/tof/core/src/vl53l0x_api_calibration.o
                0x0000000008008200                VL53L0X_set_reference_spads
 .text.VL53L0X_perform_single_ref_calibration
                0x000000000800834a       0x76 ./Drivers/tof/core/src/vl53l0x_api_calibration.o
                0x000000000800834a                VL53L0X_perform_single_ref_calibration
 .text.VL53L0X_ref_calibration_io
                0x00000000080083c0      0x132 ./Drivers/tof/core/src/vl53l0x_api_calibration.o
                0x00000000080083c0                VL53L0X_ref_calibration_io
 .text.VL53L0X_perform_vhv_calibration
                0x00000000080084f2       0xce ./Drivers/tof/core/src/vl53l0x_api_calibration.o
                0x00000000080084f2                VL53L0X_perform_vhv_calibration
 .text.VL53L0X_perform_phase_calibration
                0x00000000080085c0       0xca ./Drivers/tof/core/src/vl53l0x_api_calibration.o
                0x00000000080085c0                VL53L0X_perform_phase_calibration
 .text.VL53L0X_perform_ref_calibration
                0x000000000800868a       0x7a ./Drivers/tof/core/src/vl53l0x_api_calibration.o
                0x000000000800868a                VL53L0X_perform_ref_calibration
 .text.VL53L0X_measurement_poll_for_completion
                0x0000000008008704       0x60 ./Drivers/tof/core/src/vl53l0x_api_core.o
                0x0000000008008704                VL53L0X_measurement_poll_for_completion
 .text.VL53L0X_decode_vcsel_period
                0x0000000008008764       0x26 ./Drivers/tof/core/src/vl53l0x_api_core.o
                0x0000000008008764                VL53L0X_decode_vcsel_period
 .text.VL53L0X_encode_vcsel_period
                0x000000000800878a       0x26 ./Drivers/tof/core/src/vl53l0x_api_core.o
                0x000000000800878a                VL53L0X_encode_vcsel_period
 .text.VL53L0X_isqrt
                0x00000000080087b0       0x68 ./Drivers/tof/core/src/vl53l0x_api_core.o
                0x00000000080087b0                VL53L0X_isqrt
 .text.VL53L0X_device_read_strobe
                0x0000000008008818       0x86 ./Drivers/tof/core/src/vl53l0x_api_core.o
                0x0000000008008818                VL53L0X_device_read_strobe
 .text.VL53L0X_get_info_from_device
                0x000000000800889e      0x99c ./Drivers/tof/core/src/vl53l0x_api_core.o
                0x000000000800889e                VL53L0X_get_info_from_device
 .text.VL53L0X_calc_macro_period_ps
                0x000000000800923a       0x3c ./Drivers/tof/core/src/vl53l0x_api_core.o
                0x000000000800923a                VL53L0X_calc_macro_period_ps
 .text.VL53L0X_encode_timeout
                0x0000000008009276       0x58 ./Drivers/tof/core/src/vl53l0x_api_core.o
                0x0000000008009276                VL53L0X_encode_timeout
 .text.VL53L0X_decode_timeout
                0x00000000080092ce       0x2c ./Drivers/tof/core/src/vl53l0x_api_core.o
                0x00000000080092ce                VL53L0X_decode_timeout
 *fill*         0x00000000080092fa        0x2 
 .text.VL53L0X_calc_timeout_mclks
                0x00000000080092fc       0x54 ./Drivers/tof/core/src/vl53l0x_api_core.o
                0x00000000080092fc                VL53L0X_calc_timeout_mclks
 .text.VL53L0X_calc_timeout_us
                0x0000000008009350       0x54 ./Drivers/tof/core/src/vl53l0x_api_core.o
                0x0000000008009350                VL53L0X_calc_timeout_us
 .text.get_sequence_step_timeout
                0x00000000080093a4      0x1c2 ./Drivers/tof/core/src/vl53l0x_api_core.o
                0x00000000080093a4                get_sequence_step_timeout
 .text.set_sequence_step_timeout
                0x0000000008009566      0x1e4 ./Drivers/tof/core/src/vl53l0x_api_core.o
                0x0000000008009566                set_sequence_step_timeout
 .text.VL53L0X_set_vcsel_pulse_period
                0x000000000800974a      0x512 ./Drivers/tof/core/src/vl53l0x_api_core.o
                0x000000000800974a                VL53L0X_set_vcsel_pulse_period
 .text.VL53L0X_get_vcsel_pulse_period
                0x0000000008009c5c       0x6e ./Drivers/tof/core/src/vl53l0x_api_core.o
                0x0000000008009c5c                VL53L0X_get_vcsel_pulse_period
 .text.VL53L0X_set_measurement_timing_budget_micro_seconds
                0x0000000008009cca      0x1a6 ./Drivers/tof/core/src/vl53l0x_api_core.o
                0x0000000008009cca                VL53L0X_set_measurement_timing_budget_micro_seconds
 .text.VL53L0X_get_measurement_timing_budget_micro_seconds
                0x0000000008009e70      0x162 ./Drivers/tof/core/src/vl53l0x_api_core.o
                0x0000000008009e70                VL53L0X_get_measurement_timing_budget_micro_seconds
 *fill*         0x0000000008009fd2        0x2 
 .text.VL53L0X_load_tuning_settings
                0x0000000008009fd4      0x1c4 ./Drivers/tof/core/src/vl53l0x_api_core.o
                0x0000000008009fd4                VL53L0X_load_tuning_settings
 .text.VL53L0X_get_total_xtalk_rate
                0x000000000800a198       0x5e ./Drivers/tof/core/src/vl53l0x_api_core.o
                0x000000000800a198                VL53L0X_get_total_xtalk_rate
 .text.VL53L0X_get_total_signal_rate
                0x000000000800a1f6       0x4a ./Drivers/tof/core/src/vl53l0x_api_core.o
                0x000000000800a1f6                VL53L0X_get_total_signal_rate
 .text.get_dmax_lut_points
                0x000000000800a240       0x8e ./Drivers/tof/core/src/vl53l0x_api_core.o
                0x000000000800a240                get_dmax_lut_points
 .text.VL53L0X_calc_dmax
                0x000000000800a2ce      0x14c ./Drivers/tof/core/src/vl53l0x_api_core.o
                0x000000000800a2ce                VL53L0X_calc_dmax
 *fill*         0x000000000800a41a        0x2 
 .text.VL53L0X_calc_sigma_estimate
                0x000000000800a41c      0x45c ./Drivers/tof/core/src/vl53l0x_api_core.o
                0x000000000800a41c                VL53L0X_calc_sigma_estimate
 .text.VL53L0X_get_pal_range_status
                0x000000000800a878      0x3c4 ./Drivers/tof/core/src/vl53l0x_api_core.o
                0x000000000800a878                VL53L0X_get_pal_range_status
 .text._I2CWrite
                0x000000000800ac3c       0x3e ./Drivers/tof/platform/src/vl53l0x_platform.o
                0x000000000800ac3c                _I2CWrite
 .text._I2CRead
                0x000000000800ac7a       0x44 ./Drivers/tof/platform/src/vl53l0x_platform.o
                0x000000000800ac7a                _I2CRead
 *fill*         0x000000000800acbe        0x2 
 .text.VL53L0X_WriteMulti
                0x000000000800acc0       0x60 ./Drivers/tof/platform/src/vl53l0x_platform.o
                0x000000000800acc0                VL53L0X_WriteMulti
 .text.VL53L0X_ReadMulti
                0x000000000800ad20       0x56 ./Drivers/tof/platform/src/vl53l0x_platform.o
                0x000000000800ad20                VL53L0X_ReadMulti
 *fill*         0x000000000800ad76        0x2 
 .text.VL53L0X_WrByte
                0x000000000800ad78       0x48 ./Drivers/tof/platform/src/vl53l0x_platform.o
                0x000000000800ad78                VL53L0X_WrByte
 .text.VL53L0X_WrWord
                0x000000000800adc0       0x54 ./Drivers/tof/platform/src/vl53l0x_platform.o
                0x000000000800adc0                VL53L0X_WrWord
 .text.VL53L0X_UpdateByte
                0x000000000800ae14       0x68 ./Drivers/tof/platform/src/vl53l0x_platform.o
                0x000000000800ae14                VL53L0X_UpdateByte
 .text.VL53L0X_RdByte
                0x000000000800ae7c       0x54 ./Drivers/tof/platform/src/vl53l0x_platform.o
                0x000000000800ae7c                VL53L0X_RdByte
 .text.VL53L0X_RdWord
                0x000000000800aed0       0x70 ./Drivers/tof/platform/src/vl53l0x_platform.o
                0x000000000800aed0                VL53L0X_RdWord
 .text.VL53L0X_RdDWord
                0x000000000800af40       0x78 ./Drivers/tof/platform/src/vl53l0x_platform.o
                0x000000000800af40                VL53L0X_RdDWord
 .text.VL53L0X_PollingDelay
                0x000000000800afb8       0x1e ./Drivers/tof/platform/src/vl53l0x_platform.o
                0x000000000800afb8                VL53L0X_PollingDelay
 *fill*         0x000000000800afd6        0x2 
 .text.__errno  0x000000000800afd8        0xc c:/st/stm32cubeide_1.12.0/stm32cubeide/plugins/com.st.stm32cube.ide.mcu.externaltools.gnu-tools-for-stm32.10.3-2021.10.win32_1.0.200.202301161003/tools/bin/../lib/gcc/arm-none-eabi/10.3.1/../../../../arm-none-eabi/lib/thumb/v7e-m+fp/hard\libc_nano.a(lib_a-errno.o)
                0x000000000800afd8                __errno
 .text.__libc_init_array
                0x000000000800afe4       0x48 c:/st/stm32cubeide_1.12.0/stm32cubeide/plugins/com.st.stm32cube.ide.mcu.externaltools.gnu-tools-for-stm32.10.3-2021.10.win32_1.0.200.202301161003/tools/bin/../lib/gcc/arm-none-eabi/10.3.1/../../../../arm-none-eabi/lib/thumb/v7e-m+fp/hard\libc_nano.a(lib_a-init.o)
                0x000000000800afe4                __libc_init_array
 .text.__retarget_lock_acquire_recursive
                0x000000000800b02c        0x2 c:/st/stm32cubeide_1.12.0/stm32cubeide/plugins/com.st.stm32cube.ide.mcu.externaltools.gnu-tools-for-stm32.10.3-2021.10.win32_1.0.200.202301161003/tools/bin/../lib/gcc/arm-none-eabi/10.3.1/../../../../arm-none-eabi/lib/thumb/v7e-m+fp/hard\libc_nano.a(lib_a-lock.o)
                0x000000000800b02c                __retarget_lock_acquire_recursive
 .text.__retarget_lock_release_recursive
                0x000000000800b02e        0x2 c:/st/stm32cubeide_1.12.0/stm32cubeide/plugins/com.st.stm32cube.ide.mcu.externaltools.gnu-tools-for-stm32.10.3-2021.10.win32_1.0.200.202301161003/tools/bin/../lib/gcc/arm-none-eabi/10.3.1/../../../../arm-none-eabi/lib/thumb/v7e-m+fp/hard\libc_nano.a(lib_a-lock.o)
                0x000000000800b02e                __retarget_lock_release_recursive
 .text.memcpy   0x000000000800b030       0x1c c:/st/stm32cubeide_1.12.0/stm32cubeide/plugins/com.st.stm32cube.ide.mcu.externaltools.gnu-tools-for-stm32.10.3-2021.10.win32_1.0.200.202301161003/tools/bin/../lib/gcc/arm-none-eabi/10.3.1/../../../../arm-none-eabi/lib/thumb/v7e-m+fp/hard\libc_nano.a(lib_a-memcpy-stub.o)
                0x000000000800b030                memcpy
 .text.memset   0x000000000800b04c       0x10 c:/st/stm32cubeide_1.12.0/stm32cubeide/plugins/com.st.stm32cube.ide.mcu.externaltools.gnu-tools-for-stm32.10.3-2021.10.win32_1.0.200.202301161003/tools/bin/../lib/gcc/arm-none-eabi/10.3.1/../../../../arm-none-eabi/lib/thumb/v7e-m+fp/hard\libc_nano.a(lib_a-memset.o)
                0x000000000800b04c                memset
 .text._free_r  0x000000000800b05c       0x98 c:/st/stm32cubeide_1.12.0/stm32cubeide/plugins/com.st.stm32cube.ide.mcu.externaltools.gnu-tools-for-stm32.10.3-2021.10.win32_1.0.200.202301161003/tools/bin/../lib/gcc/arm-none-eabi/10.3.1/../../../../arm-none-eabi/lib/thumb/v7e-m+fp/hard\libc_nano.a(lib_a-nano-freer.o)
                0x000000000800b05c                _free_r
 .text.sbrk_aligned
                0x000000000800b0f4       0x40 c:/st/stm32cubeide_1.12.0/stm32cubeide/plugins/com.st.stm32cube.ide.mcu.externaltools.gnu-tools-for-stm32.10.3-2021.10.win32_1.0.200.202301161003/tools/bin/../lib/gcc/arm-none-eabi/10.3.1/../../../../arm-none-eabi/lib/thumb/v7e-m+fp/hard\libc_nano.a(lib_a-nano-mallocr.o)
 .text._malloc_r
                0x000000000800b134       0xe8 c:/st/stm32cubeide_1.12.0/stm32cubeide/plugins/com.st.stm32cube.ide.mcu.externaltools.gnu-tools-for-stm32.10.3-2021.10.win32_1.0.200.202301161003/tools/bin/../lib/gcc/arm-none-eabi/10.3.1/../../../../arm-none-eabi/lib/thumb/v7e-m+fp/hard\libc_nano.a(lib_a-nano-mallocr.o)
                0x000000000800b134                _malloc_r
 .text._printf_common
                0x000000000800b21c       0xda c:/st/stm32cubeide_1.12.0/stm32cubeide/plugins/com.st.stm32cube.ide.mcu.externaltools.gnu-tools-for-stm32.10.3-2021.10.win32_1.0.200.202301161003/tools/bin/../lib/gcc/arm-none-eabi/10.3.1/../../../../arm-none-eabi/lib/thumb/v7e-m+fp/hard\libc_nano.a(lib_a-nano-vfprintf_i.o)
                0x000000000800b21c                _printf_common
 *fill*         0x000000000800b2f6        0x2 
 .text._printf_i
                0x000000000800b2f8      0x24c c:/st/stm32cubeide_1.12.0/stm32cubeide/plugins/com.st.stm32cube.ide.mcu.externaltools.gnu-tools-for-stm32.10.3-2021.10.win32_1.0.200.202301161003/tools/bin/../lib/gcc/arm-none-eabi/10.3.1/../../../../arm-none-eabi/lib/thumb/v7e-m+fp/hard\libc_nano.a(lib_a-nano-vfprintf_i.o)
                0x000000000800b2f8                _printf_i
 .text._sbrk_r  0x000000000800b544       0x20 c:/st/stm32cubeide_1.12.0/stm32cubeide/plugins/com.st.stm32cube.ide.mcu.externaltools.gnu-tools-for-stm32.10.3-2021.10.win32_1.0.200.202301161003/tools/bin/../lib/gcc/arm-none-eabi/10.3.1/../../../../arm-none-eabi/lib/thumb/v7e-m+fp/hard\libc_nano.a(lib_a-sbrkr.o)
                0x000000000800b544                _sbrk_r
 .text.sprintf  0x000000000800b564       0x40 c:/st/stm32cubeide_1.12.0/stm32cubeide/plugins/com.st.stm32cube.ide.mcu.externaltools.gnu-tools-for-stm32.10.3-2021.10.win32_1.0.200.202301161003/tools/bin/../lib/gcc/arm-none-eabi/10.3.1/../../../../arm-none-eabi/lib/thumb/v7e-m+fp/hard\libc_nano.a(lib_a-sprintf.o)
                0x000000000800b564                siprintf
                0x000000000800b564                sprintf
 .text.strcpy   0x000000000800b5a4       0x10 c:/st/stm32cubeide_1.12.0/stm32cubeide/plugins/com.st.stm32cube.ide.mcu.externaltools.gnu-tools-for-stm32.10.3-2021.10.win32_1.0.200.202301161003/tools/bin/../lib/gcc/arm-none-eabi/10.3.1/../../../../arm-none-eabi/lib/thumb/v7e-m+fp/hard\libc_nano.a(lib_a-strcpy.o)
                0x000000000800b5a4                strcpy
 .text.memmove  0x000000000800b5b4       0x34 c:/st/stm32cubeide_1.12.0/stm32cubeide/plugins/com.st.stm32cube.ide.mcu.externaltools.gnu-tools-for-stm32.10.3-2021.10.win32_1.0.200.202301161003/tools/bin/../lib/gcc/arm-none-eabi/10.3.1/../../../../arm-none-eabi/lib/thumb/v7e-m+fp/hard\libc_nano.a(lib_a-memmove.o)
                0x000000000800b5b4                memmove
 .text.__malloc_lock
                0x000000000800b5e8        0xc c:/st/stm32cubeide_1.12.0/stm32cubeide/plugins/com.st.stm32cube.ide.mcu.externaltools.gnu-tools-for-stm32.10.3-2021.10.win32_1.0.200.202301161003/tools/bin/../lib/gcc/arm-none-eabi/10.3.1/../../../../arm-none-eabi/lib/thumb/v7e-m+fp/hard\libc_nano.a(lib_a-mlock.o)
                0x000000000800b5e8                __malloc_lock
 .text.__malloc_unlock
                0x000000000800b5f4        0xc c:/st/stm32cubeide_1.12.0/stm32cubeide/plugins/com.st.stm32cube.ide.mcu.externaltools.gnu-tools-for-stm32.10.3-2021.10.win32_1.0.200.202301161003/tools/bin/../lib/gcc/arm-none-eabi/10.3.1/../../../../arm-none-eabi/lib/thumb/v7e-m+fp/hard\libc_nano.a(lib_a-mlock.o)
                0x000000000800b5f4                __malloc_unlock
 .text._realloc_r
                0x000000000800b600       0x5e c:/st/stm32cubeide_1.12.0/stm32cubeide/plugins/com.st.stm32cube.ide.mcu.externaltools.gnu-tools-for-stm32.10.3-2021.10.win32_1.0.200.202301161003/tools/bin/../lib/gcc/arm-none-eabi/10.3.1/../../../../arm-none-eabi/lib/thumb/v7e-m+fp/hard\libc_nano.a(lib_a-nano-reallocr.o)
                0x000000000800b600                _realloc_r
 .text.__ssputs_r
                0x000000000800b65e       0xb6 c:/st/stm32cubeide_1.12.0/stm32cubeide/plugins/com.st.stm32cube.ide.mcu.externaltools.gnu-tools-for-stm32.10.3-2021.10.win32_1.0.200.202301161003/tools/bin/../lib/gcc/arm-none-eabi/10.3.1/../../../../arm-none-eabi/lib/thumb/v7e-m+fp/hard\libc_nano.a(lib_a-nano-svfprintf.o)
                0x000000000800b65e                __ssputs_r
 .text._svfprintf_r
                0x000000000800b714      0x200 c:/st/stm32cubeide_1.12.0/stm32cubeide/plugins/com.st.stm32cube.ide.mcu.externaltools.gnu-tools-for-stm32.10.3-2021.10.win32_1.0.200.202301161003/tools/bin/../lib/gcc/arm-none-eabi/10.3.1/../../../../arm-none-eabi/lib/thumb/v7e-m+fp/hard\libc_nano.a(lib_a-nano-svfprintf.o)
                0x000000000800b714                _svfiprintf_r
                0x000000000800b714                _svfprintf_r
 .text._malloc_usable_size_r
                0x000000000800b914       0x10 c:/st/stm32cubeide_1.12.0/stm32cubeide/plugins/com.st.stm32cube.ide.mcu.externaltools.gnu-tools-for-stm32.10.3-2021.10.win32_1.0.200.202301161003/tools/bin/../lib/gcc/arm-none-eabi/10.3.1/../../../../arm-none-eabi/lib/thumb/v7e-m+fp/hard\libc_nano.a(lib_a-nano-msizer.o)
                0x000000000800b914                _malloc_usable_size_r
 *(.glue_7)
 .glue_7        0x000000000800b924        0x0 linker stubs
 *(.glue_7t)
 .glue_7t       0x000000000800b924        0x0 linker stubs
 *(.eh_frame)
 .eh_frame      0x000000000800b924        0x0 c:/st/stm32cubeide_1.12.0/stm32cubeide/plugins/com.st.stm32cube.ide.mcu.externaltools.gnu-tools-for-stm32.10.3-2021.10.win32_1.0.200.202301161003/tools/bin/../lib/gcc/arm-none-eabi/10.3.1/thumb/v7e-m+fp/hard/crtbegin.o
 *(.init)
 .init          0x000000000800b924        0x4 c:/st/stm32cubeide_1.12.0/stm32cubeide/plugins/com.st.stm32cube.ide.mcu.externaltools.gnu-tools-for-stm32.10.3-2021.10.win32_1.0.200.202301161003/tools/bin/../lib/gcc/arm-none-eabi/10.3.1/thumb/v7e-m+fp/hard/crti.o
                0x000000000800b924                _init
 .init          0x000000000800b928        0x8 c:/st/stm32cubeide_1.12.0/stm32cubeide/plugins/com.st.stm32cube.ide.mcu.externaltools.gnu-tools-for-stm32.10.3-2021.10.win32_1.0.200.202301161003/tools/bin/../lib/gcc/arm-none-eabi/10.3.1/thumb/v7e-m+fp/hard/crtn.o
 *(.fini)
 .fini          0x000000000800b930        0x4 c:/st/stm32cubeide_1.12.0/stm32cubeide/plugins/com.st.stm32cube.ide.mcu.externaltools.gnu-tools-for-stm32.10.3-2021.10.win32_1.0.200.202301161003/tools/bin/../lib/gcc/arm-none-eabi/10.3.1/thumb/v7e-m+fp/hard/crti.o
                0x000000000800b930                _fini
 .fini          0x000000000800b934        0x8 c:/st/stm32cubeide_1.12.0/stm32cubeide/plugins/com.st.stm32cube.ide.mcu.externaltools.gnu-tools-for-stm32.10.3-2021.10.win32_1.0.200.202301161003/tools/bin/../lib/gcc/arm-none-eabi/10.3.1/thumb/v7e-m+fp/hard/crtn.o
                0x000000000800b93c                . = ALIGN (0x4)
                0x000000000800b93c                _etext = .

.vfp11_veneer   0x000000000800b93c        0x0
 .vfp11_veneer  0x000000000800b93c        0x0 linker stubs

.v4_bx          0x000000000800b93c        0x0
 .v4_bx         0x000000000800b93c        0x0 linker stubs

.iplt           0x000000000800b93c        0x0
 .iplt          0x000000000800b93c        0x0 c:/st/stm32cubeide_1.12.0/stm32cubeide/plugins/com.st.stm32cube.ide.mcu.externaltools.gnu-tools-for-stm32.10.3-2021.10.win32_1.0.200.202301161003/tools/bin/../lib/gcc/arm-none-eabi/10.3.1/thumb/v7e-m+fp/hard/crtbegin.o

.rodata         0x000000000800b93c       0xf0
                0x000000000800b93c                . = ALIGN (0x4)
 *(.rodata)
 .rodata        0x000000000800b93c       0x43 ./Core/Src/main.o
 *(.rodata*)
 *fill*         0x000000000800b97f        0x1 
 .rodata.AHBPrescTable
                0x000000000800b980       0x10 ./Core/Src/system_stm32f4xx.o
                0x000000000800b980                AHBPrescTable
 .rodata.APBPrescTable
                0x000000000800b990        0x8 ./Core/Src/system_stm32f4xx.o
                0x000000000800b990                APBPrescTable
 .rodata.__sf_fake_stderr
                0x000000000800b998       0x20 c:/st/stm32cubeide_1.12.0/stm32cubeide/plugins/com.st.stm32cube.ide.mcu.externaltools.gnu-tools-for-stm32.10.3-2021.10.win32_1.0.200.202301161003/tools/bin/../lib/gcc/arm-none-eabi/10.3.1/../../../../arm-none-eabi/lib/thumb/v7e-m+fp/hard\libc_nano.a(lib_a-findfp.o)
                0x000000000800b998                __sf_fake_stderr
 .rodata.__sf_fake_stdin
                0x000000000800b9b8       0x20 c:/st/stm32cubeide_1.12.0/stm32cubeide/plugins/com.st.stm32cube.ide.mcu.externaltools.gnu-tools-for-stm32.10.3-2021.10.win32_1.0.200.202301161003/tools/bin/../lib/gcc/arm-none-eabi/10.3.1/../../../../arm-none-eabi/lib/thumb/v7e-m+fp/hard\libc_nano.a(lib_a-findfp.o)
                0x000000000800b9b8                __sf_fake_stdin
 .rodata.__sf_fake_stdout
                0x000000000800b9d8       0x20 c:/st/stm32cubeide_1.12.0/stm32cubeide/plugins/com.st.stm32cube.ide.mcu.externaltools.gnu-tools-for-stm32.10.3-2021.10.win32_1.0.200.202301161003/tools/bin/../lib/gcc/arm-none-eabi/10.3.1/../../../../arm-none-eabi/lib/thumb/v7e-m+fp/hard\libc_nano.a(lib_a-findfp.o)
                0x000000000800b9d8                __sf_fake_stdout
 .rodata._printf_i.str1.1
                0x000000000800b9f8       0x22 c:/st/stm32cubeide_1.12.0/stm32cubeide/plugins/com.st.stm32cube.ide.mcu.externaltools.gnu-tools-for-stm32.10.3-2021.10.win32_1.0.200.202301161003/tools/bin/../lib/gcc/arm-none-eabi/10.3.1/../../../../arm-none-eabi/lib/thumb/v7e-m+fp/hard\libc_nano.a(lib_a-nano-vfprintf_i.o)
 .rodata._svfprintf_r.str1.1
                0x000000000800ba1a       0x11 c:/st/stm32cubeide_1.12.0/stm32cubeide/plugins/com.st.stm32cube.ide.mcu.externaltools.gnu-tools-for-stm32.10.3-2021.10.win32_1.0.200.202301161003/tools/bin/../lib/gcc/arm-none-eabi/10.3.1/../../../../arm-none-eabi/lib/thumb/v7e-m+fp/hard\libc_nano.a(lib_a-nano-svfprintf.o)
                0x000000000800ba2c                . = ALIGN (0x4)
 *fill*         0x000000000800ba2b        0x1 

.ARM.extab      0x000000000800ba2c        0x0
                0x000000000800ba2c                . = ALIGN (0x4)
 *(.ARM.extab* .gnu.linkonce.armextab.*)
                0x000000000800ba2c                . = ALIGN (0x4)

.ARM            0x000000000800ba2c        0x8
                0x000000000800ba2c                . = ALIGN (0x4)
                0x000000000800ba2c                __exidx_start = .
 *(.ARM.exidx*)
 .ARM.exidx     0x000000000800ba2c        0x8 c:/st/stm32cubeide_1.12.0/stm32cubeide/plugins/com.st.stm32cube.ide.mcu.externaltools.gnu-tools-for-stm32.10.3-2021.10.win32_1.0.200.202301161003/tools/bin/../lib/gcc/arm-none-eabi/10.3.1/thumb/v7e-m+fp/hard\libgcc.a(_udivmoddi4.o)
                0x000000000800ba34                __exidx_end = .
                0x000000000800ba34                . = ALIGN (0x4)

.rel.dyn        0x000000000800ba34        0x0
 .rel.iplt      0x000000000800ba34        0x0 c:/st/stm32cubeide_1.12.0/stm32cubeide/plugins/com.st.stm32cube.ide.mcu.externaltools.gnu-tools-for-stm32.10.3-2021.10.win32_1.0.200.202301161003/tools/bin/../lib/gcc/arm-none-eabi/10.3.1/thumb/v7e-m+fp/hard/crtbegin.o

.preinit_array  0x000000000800ba34        0x0
                0x000000000800ba34                . = ALIGN (0x4)
                0x000000000800ba34                PROVIDE (__preinit_array_start = .)
 *(.preinit_array*)
                0x000000000800ba34                PROVIDE (__preinit_array_end = .)
                0x000000000800ba34                . = ALIGN (0x4)

.init_array     0x000000000800ba34        0x4
                0x000000000800ba34                . = ALIGN (0x4)
                0x000000000800ba34                PROVIDE (__init_array_start = .)
 *(SORT_BY_NAME(.init_array.*))
 *(.init_array*)
 .init_array    0x000000000800ba34        0x4 c:/st/stm32cubeide_1.12.0/stm32cubeide/plugins/com.st.stm32cube.ide.mcu.externaltools.gnu-tools-for-stm32.10.3-2021.10.win32_1.0.200.202301161003/tools/bin/../lib/gcc/arm-none-eabi/10.3.1/thumb/v7e-m+fp/hard/crtbegin.o
                0x000000000800ba38                PROVIDE (__init_array_end = .)
                0x000000000800ba38                . = ALIGN (0x4)

.fini_array     0x000000000800ba38        0x4
                0x000000000800ba38                . = ALIGN (0x4)
                [!provide]                        PROVIDE (__fini_array_start = .)
 *(SORT_BY_NAME(.fini_array.*))
 *(.fini_array*)
 .fini_array    0x000000000800ba38        0x4 c:/st/stm32cubeide_1.12.0/stm32cubeide/plugins/com.st.stm32cube.ide.mcu.externaltools.gnu-tools-for-stm32.10.3-2021.10.win32_1.0.200.202301161003/tools/bin/../lib/gcc/arm-none-eabi/10.3.1/thumb/v7e-m+fp/hard/crtbegin.o
                [!provide]                        PROVIDE (__fini_array_end = .)
                0x000000000800ba3c                . = ALIGN (0x4)
                0x000000000800ba3c                _sidata = LOADADDR (.data)

.data           0x0000000020000000      0x334 load address 0x000000000800ba3c
                0x0000000020000000                . = ALIGN (0x4)
                0x0000000020000000                _sdata = .
 *(.data)
 *(.data*)
 .data.Dev      0x0000000020000000        0x4 ./Core/Src/main.o
                0x0000000020000000                Dev
 .data.SystemCoreClock
                0x0000000020000004        0x4 ./Core/Src/system_stm32f4xx.o
                0x0000000020000004                SystemCoreClock
 .data.basedutycycle
                0x0000000020000008        0x1 ./Drivers/FollowLine/FollowLine.o
                0x0000000020000008                basedutycycle
 .data.str      0x0000000020000009        0x1 ./Drivers/FollowLine/FollowLine.o
                0x0000000020000009                str
 .data.delta_dc
                0x000000002000000a        0x1 ./Drivers/FollowLine/FollowLine.o
                0x000000002000000a                delta_dc
 *fill*         0x000000002000000b        0x1 
 .data.uwTickPrio
                0x000000002000000c        0x4 ./Drivers/STM32F4xx_HAL_Driver/Src/stm32f4xx_hal.o
                0x000000002000000c                uwTickPrio
 .data.uwTickFreq
                0x0000000020000010        0x1 ./Drivers/STM32F4xx_HAL_Driver/Src/stm32f4xx_hal.o
                0x0000000020000010                uwTickFreq
 *fill*         0x0000000020000011        0x3 
 .data.DefaultTuningSettings
                0x0000000020000014       0xf3 ./Drivers/tof/core/src/vl53l0x_api.o
                0x0000000020000014                DefaultTuningSettings
 *fill*         0x0000000020000107        0x1 
 .data.InterruptThresholdSettings
                0x0000000020000108      0x1b6 ./Drivers/tof/core/src/vl53l0x_api.o
                0x0000000020000108                InterruptThresholdSettings
 *fill*         0x00000000200002be        0x2 
 .data.refArrayQuadrants
                0x00000000200002c0       0x10 ./Drivers/tof/core/src/vl53l0x_api_calibration.o
                0x00000000200002c0                refArrayQuadrants
 .data._impure_ptr
                0x00000000200002d0        0x4 c:/st/stm32cubeide_1.12.0/stm32cubeide/plugins/com.st.stm32cube.ide.mcu.externaltools.gnu-tools-for-stm32.10.3-2021.10.win32_1.0.200.202301161003/tools/bin/../lib/gcc/arm-none-eabi/10.3.1/../../../../arm-none-eabi/lib/thumb/v7e-m+fp/hard\libc_nano.a(lib_a-impure.o)
                0x00000000200002d0                _impure_ptr
 .data.impure_data
                0x00000000200002d4       0x60 c:/st/stm32cubeide_1.12.0/stm32cubeide/plugins/com.st.stm32cube.ide.mcu.externaltools.gnu-tools-for-stm32.10.3-2021.10.win32_1.0.200.202301161003/tools/bin/../lib/gcc/arm-none-eabi/10.3.1/../../../../arm-none-eabi/lib/thumb/v7e-m+fp/hard\libc_nano.a(lib_a-impure.o)
 *(.RamFunc)
 *(.RamFunc*)
                0x0000000020000334                . = ALIGN (0x4)
                0x0000000020000334                _edata = .

.igot.plt       0x0000000020000334        0x0 load address 0x000000000800bd70
 .igot.plt      0x0000000020000334        0x0 c:/st/stm32cubeide_1.12.0/stm32cubeide/plugins/com.st.stm32cube.ide.mcu.externaltools.gnu-tools-for-stm32.10.3-2021.10.win32_1.0.200.202301161003/tools/bin/../lib/gcc/arm-none-eabi/10.3.1/thumb/v7e-m+fp/hard/crtbegin.o
                0x0000000020000334                . = ALIGN (0x4)

.bss            0x0000000020000334      0x510 load address 0x000000000800bd70
                0x0000000020000334                _sbss = .
                0x0000000020000334                __bss_start__ = _sbss
 *(.bss)
 .bss           0x0000000020000334       0x1c c:/st/stm32cubeide_1.12.0/stm32cubeide/plugins/com.st.stm32cube.ide.mcu.externaltools.gnu-tools-for-stm32.10.3-2021.10.win32_1.0.200.202301161003/tools/bin/../lib/gcc/arm-none-eabi/10.3.1/thumb/v7e-m+fp/hard/crtbegin.o
 *(.bss*)
 .bss.hi2c1     0x0000000020000350       0x54 ./Core/Src/main.o
                0x0000000020000350                hi2c1
 .bss.htim1     0x00000000200003a4       0x48 ./Core/Src/main.o
                0x00000000200003a4                htim1
 .bss.htim2     0x00000000200003ec       0x48 ./Core/Src/main.o
                0x00000000200003ec                htim2
 .bss.htim3     0x0000000020000434       0x48 ./Core/Src/main.o
                0x0000000020000434                htim3
 .bss.htim4     0x000000002000047c       0x48 ./Core/Src/main.o
                0x000000002000047c                htim4
 .bss.htim10    0x00000000200004c4       0x48 ./Core/Src/main.o
                0x00000000200004c4                htim10
 .bss.huart1    0x000000002000050c       0x44 ./Core/Src/main.o
                0x000000002000050c                huart1
 .bss.huart6    0x0000000020000550       0x44 ./Core/Src/main.o
                0x0000000020000550                huart6
 .bss.MSG       0x0000000020000594       0x28 ./Core/Src/main.o
                0x0000000020000594                MSG
 .bss.ULTSENdist
                0x00000000200005bc        0x4 ./Core/Src/main.o
                0x00000000200005bc                ULTSENdist
 .bss.ULTSENdist_prev
                0x00000000200005c0        0x4 ./Core/Src/main.o
                0x00000000200005c0                ULTSENdist_prev
 .bss.ULTSENstate
                0x00000000200005c4        0x1 ./Core/Src/main.o
                0x00000000200005c4                ULTSENstate
 .bss.ULTSENfirst_meas
                0x00000000200005c5        0x1 ./Core/Src/main.o
                0x00000000200005c5                ULTSENfirst_meas
 *fill*         0x00000000200005c6        0x2 
 .bss.vl53l0x_c
                0x00000000200005c8      0x1b4 ./Core/Src/main.o
                0x00000000200005c8                vl53l0x_c
 .bss.refSpadCount
                0x000000002000077c        0x4 ./Core/Src/main.o
                0x000000002000077c                refSpadCount
 .bss.isApertureSpads
                0x0000000020000780        0x1 ./Core/Src/main.o
                0x0000000020000780                isApertureSpads
 .bss.VhvSettings
                0x0000000020000781        0x1 ./Core/Src/main.o
                0x0000000020000781                VhvSettings
 .bss.PhaseCal  0x0000000020000782        0x1 ./Core/Src/main.o
                0x0000000020000782                PhaseCal
 *fill*         0x0000000020000783        0x1 
 .bss.ENCL_MSG  0x0000000020000784       0x23 ./Core/Src/main.o
                0x0000000020000784                ENCL_MSG
 *fill*         0x00000000200007a7        0x1 
 .bss.ENCR_MSG  0x00000000200007a8       0x23 ./Core/Src/main.o
                0x00000000200007a8                ENCR_MSG
 *fill*         0x00000000200007cb        0x1 
 .bss.__sbrk_heap_end
                0x00000000200007cc        0x4 ./Core/Src/sysmem.o
 .bss.ENCL      0x00000000200007d0        0x2 ./Drivers/Encoder/ENCODER.o
                0x00000000200007d0                ENCL
 .bss.ENCR      0x00000000200007d2        0x2 ./Drivers/Encoder/ENCODER.o
                0x00000000200007d2                ENCR
 .bss.LHS_status
                0x00000000200007d4        0x1 ./Drivers/FollowLine/FollowLine.o
                0x00000000200007d4                LHS_status
 .bss.RHS_status
                0x00000000200007d5        0x1 ./Drivers/FollowLine/FollowLine.o
                0x00000000200007d5                RHS_status
 *fill*         0x00000000200007d6        0x2 
 .bss.uwTick    0x00000000200007d8        0x4 ./Drivers/STM32F4xx_HAL_Driver/Src/stm32f4xx_hal.o
                0x00000000200007d8                uwTick
 .bss.IC_Val1   0x00000000200007dc        0x4 ./Drivers/Ultrasonic/UltraSonic.o
                0x00000000200007dc                IC_Val1
 .bss.IC_Val2   0x00000000200007e0        0x4 ./Drivers/Ultrasonic/UltraSonic.o
                0x00000000200007e0                IC_Val2
 .bss.Difference
                0x00000000200007e4        0x4 ./Drivers/Ultrasonic/UltraSonic.o
                0x00000000200007e4                Difference
 .bss.usWidth   0x00000000200007e8        0x4 ./Drivers/Ultrasonic/UltraSonic.o
                0x00000000200007e8                usWidth
 .bss.distInch  0x00000000200007ec        0x4 ./Drivers/Ultrasonic/UltraSonic.o
                0x00000000200007ec                distInch
 .bss.Is_First_Captured
                0x00000000200007f0        0x4 ./Drivers/Ultrasonic/UltraSonic.o
                0x00000000200007f0                Is_First_Captured
 .bss._I2CBuffer
                0x00000000200007f4       0x40 ./Drivers/tof/platform/src/vl53l0x_platform.o
                0x00000000200007f4                _I2CBuffer
 .bss.__lock___malloc_recursive_mutex
                0x0000000020000834        0x1 c:/st/stm32cubeide_1.12.0/stm32cubeide/plugins/com.st.stm32cube.ide.mcu.externaltools.gnu-tools-for-stm32.10.3-2021.10.win32_1.0.200.202301161003/tools/bin/../lib/gcc/arm-none-eabi/10.3.1/../../../../arm-none-eabi/lib/thumb/v7e-m+fp/hard\libc_nano.a(lib_a-lock.o)
                0x0000000020000834                __lock___malloc_recursive_mutex
 *fill*         0x0000000020000835        0x3 
 .bss.__malloc_free_list
                0x0000000020000838        0x4 c:/st/stm32cubeide_1.12.0/stm32cubeide/plugins/com.st.stm32cube.ide.mcu.externaltools.gnu-tools-for-stm32.10.3-2021.10.win32_1.0.200.202301161003/tools/bin/../lib/gcc/arm-none-eabi/10.3.1/../../../../arm-none-eabi/lib/thumb/v7e-m+fp/hard\libc_nano.a(lib_a-nano-mallocr.o)
                0x0000000020000838                __malloc_free_list
 .bss.__malloc_sbrk_start
                0x000000002000083c        0x4 c:/st/stm32cubeide_1.12.0/stm32cubeide/plugins/com.st.stm32cube.ide.mcu.externaltools.gnu-tools-for-stm32.10.3-2021.10.win32_1.0.200.202301161003/tools/bin/../lib/gcc/arm-none-eabi/10.3.1/../../../../arm-none-eabi/lib/thumb/v7e-m+fp/hard\libc_nano.a(lib_a-nano-mallocr.o)
                0x000000002000083c                __malloc_sbrk_start
 .bss.errno     0x0000000020000840        0x4 c:/st/stm32cubeide_1.12.0/stm32cubeide/plugins/com.st.stm32cube.ide.mcu.externaltools.gnu-tools-for-stm32.10.3-2021.10.win32_1.0.200.202301161003/tools/bin/../lib/gcc/arm-none-eabi/10.3.1/../../../../arm-none-eabi/lib/thumb/v7e-m+fp/hard\libc_nano.a(lib_a-reent.o)
                0x0000000020000840                errno
 *(COMMON)
                0x0000000020000844                . = ALIGN (0x4)
                0x0000000020000844                _ebss = .
                0x0000000020000844                __bss_end__ = _ebss

._user_heap_stack
                0x0000000020000844      0x604 load address 0x000000000800bd70
                0x0000000020000848                . = ALIGN (0x8)
 *fill*         0x0000000020000844        0x4 
                [!provide]                        PROVIDE (end = .)
                0x0000000020000848                PROVIDE (_end = .)
                0x0000000020000a48                . = (. + _Min_Heap_Size)
 *fill*         0x0000000020000848      0x200 
                0x0000000020000e48                . = (. + _Min_Stack_Size)
 *fill*         0x0000000020000a48      0x400 
                0x0000000020000e48                . = ALIGN (0x8)

/DISCARD/
 libc.a(*)
 libm.a(*)
 libgcc.a(*)

.ARM.attributes
                0x0000000000000000       0x30
 *(.ARM.attributes)
 .ARM.attributes
                0x0000000000000000       0x1e c:/st/stm32cubeide_1.12.0/stm32cubeide/plugins/com.st.stm32cube.ide.mcu.externaltools.gnu-tools-for-stm32.10.3-2021.10.win32_1.0.200.202301161003/tools/bin/../lib/gcc/arm-none-eabi/10.3.1/thumb/v7e-m+fp/hard/crti.o
 .ARM.attributes
                0x000000000000001e       0x34 c:/st/stm32cubeide_1.12.0/stm32cubeide/plugins/com.st.stm32cube.ide.mcu.externaltools.gnu-tools-for-stm32.10.3-2021.10.win32_1.0.200.202301161003/tools/bin/../lib/gcc/arm-none-eabi/10.3.1/thumb/v7e-m+fp/hard/crtbegin.o
 .ARM.attributes
                0x0000000000000052       0x34 ./Core/Src/main.o
 .ARM.attributes
                0x0000000000000086       0x34 ./Core/Src/stm32f4xx_hal_msp.o
 .ARM.attributes
                0x00000000000000ba       0x34 ./Core/Src/stm32f4xx_it.o
 .ARM.attributes
                0x00000000000000ee       0x34 ./Core/Src/sysmem.o
 .ARM.attributes
                0x0000000000000122       0x34 ./Core/Src/system_stm32f4xx.o
 .ARM.attributes
                0x0000000000000156       0x21 ./Core/Startup/startup_stm32f411ceux.o
 .ARM.attributes
                0x0000000000000177       0x34 ./Drivers/Encoder/ENCODER.o
 .ARM.attributes
                0x00000000000001ab       0x34 ./Drivers/FollowLine/FollowLine.o
 .ARM.attributes
                0x00000000000001df       0x34 ./Drivers/LineSensor/LineSen.o
 .ARM.attributes
                0x0000000000000213       0x34 ./Drivers/STM32F4xx_HAL_Driver/Src/stm32f4xx_hal.o
 .ARM.attributes
                0x0000000000000247       0x34 ./Drivers/STM32F4xx_HAL_Driver/Src/stm32f4xx_hal_cortex.o
 .ARM.attributes
                0x000000000000027b       0x34 ./Drivers/STM32F4xx_HAL_Driver/Src/stm32f4xx_hal_gpio.o
 .ARM.attributes
                0x00000000000002af       0x34 ./Drivers/STM32F4xx_HAL_Driver/Src/stm32f4xx_hal_i2c.o
 .ARM.attributes
                0x00000000000002e3       0x34 ./Drivers/STM32F4xx_HAL_Driver/Src/stm32f4xx_hal_rcc.o
 .ARM.attributes
                0x0000000000000317       0x34 ./Drivers/STM32F4xx_HAL_Driver/Src/stm32f4xx_hal_tim.o
 .ARM.attributes
                0x000000000000034b       0x34 ./Drivers/STM32F4xx_HAL_Driver/Src/stm32f4xx_hal_tim_ex.o
 .ARM.attributes
                0x000000000000037f       0x34 ./Drivers/STM32F4xx_HAL_Driver/Src/stm32f4xx_hal_uart.o
 .ARM.attributes
                0x00000000000003b3       0x34 ./Drivers/Ultrasonic/UltraSonic.o
 .ARM.attributes
                0x00000000000003e7       0x34 ./Drivers/motor/MOTOR_DRIVER.o
 .ARM.attributes
                0x000000000000041b       0x34 ./Drivers/tof/core/src/vl53l0x_api.o
 .ARM.attributes
                0x000000000000044f       0x34 ./Drivers/tof/core/src/vl53l0x_api_calibration.o
 .ARM.attributes
                0x0000000000000483       0x34 ./Drivers/tof/core/src/vl53l0x_api_core.o
 .ARM.attributes
                0x00000000000004b7       0x34 ./Drivers/tof/platform/src/vl53l0x_platform.o
 .ARM.attributes
                0x00000000000004eb       0x34 c:/st/stm32cubeide_1.12.0/stm32cubeide/plugins/com.st.stm32cube.ide.mcu.externaltools.gnu-tools-for-stm32.10.3-2021.10.win32_1.0.200.202301161003/tools/bin/../lib/gcc/arm-none-eabi/10.3.1/../../../../arm-none-eabi/lib/thumb/v7e-m+fp/hard\libc_nano.a(lib_a-errno.o)
 .ARM.attributes
                0x000000000000051f       0x34 c:/st/stm32cubeide_1.12.0/stm32cubeide/plugins/com.st.stm32cube.ide.mcu.externaltools.gnu-tools-for-stm32.10.3-2021.10.win32_1.0.200.202301161003/tools/bin/../lib/gcc/arm-none-eabi/10.3.1/../../../../arm-none-eabi/lib/thumb/v7e-m+fp/hard\libc_nano.a(lib_a-findfp.o)
 .ARM.attributes
                0x0000000000000553       0x34 c:/st/stm32cubeide_1.12.0/stm32cubeide/plugins/com.st.stm32cube.ide.mcu.externaltools.gnu-tools-for-stm32.10.3-2021.10.win32_1.0.200.202301161003/tools/bin/../lib/gcc/arm-none-eabi/10.3.1/../../../../arm-none-eabi/lib/thumb/v7e-m+fp/hard\libc_nano.a(lib_a-impure.o)
 .ARM.attributes
                0x0000000000000587       0x34 c:/st/stm32cubeide_1.12.0/stm32cubeide/plugins/com.st.stm32cube.ide.mcu.externaltools.gnu-tools-for-stm32.10.3-2021.10.win32_1.0.200.202301161003/tools/bin/../lib/gcc/arm-none-eabi/10.3.1/../../../../arm-none-eabi/lib/thumb/v7e-m+fp/hard\libc_nano.a(lib_a-init.o)
 .ARM.attributes
                0x00000000000005bb       0x34 c:/st/stm32cubeide_1.12.0/stm32cubeide/plugins/com.st.stm32cube.ide.mcu.externaltools.gnu-tools-for-stm32.10.3-2021.10.win32_1.0.200.202301161003/tools/bin/../lib/gcc/arm-none-eabi/10.3.1/../../../../arm-none-eabi/lib/thumb/v7e-m+fp/hard\libc_nano.a(lib_a-lock.o)
 .ARM.attributes
                0x00000000000005ef       0x34 c:/st/stm32cubeide_1.12.0/stm32cubeide/plugins/com.st.stm32cube.ide.mcu.externaltools.gnu-tools-for-stm32.10.3-2021.10.win32_1.0.200.202301161003/tools/bin/../lib/gcc/arm-none-eabi/10.3.1/../../../../arm-none-eabi/lib/thumb/v7e-m+fp/hard\libc_nano.a(lib_a-memcpy-stub.o)
 .ARM.attributes
                0x0000000000000623       0x34 c:/st/stm32cubeide_1.12.0/stm32cubeide/plugins/com.st.stm32cube.ide.mcu.externaltools.gnu-tools-for-stm32.10.3-2021.10.win32_1.0.200.202301161003/tools/bin/../lib/gcc/arm-none-eabi/10.3.1/../../../../arm-none-eabi/lib/thumb/v7e-m+fp/hard\libc_nano.a(lib_a-memset.o)
 .ARM.attributes
                0x0000000000000657       0x34 c:/st/stm32cubeide_1.12.0/stm32cubeide/plugins/com.st.stm32cube.ide.mcu.externaltools.gnu-tools-for-stm32.10.3-2021.10.win32_1.0.200.202301161003/tools/bin/../lib/gcc/arm-none-eabi/10.3.1/../../../../arm-none-eabi/lib/thumb/v7e-m+fp/hard\libc_nano.a(lib_a-nano-freer.o)
 .ARM.attributes
                0x000000000000068b       0x34 c:/st/stm32cubeide_1.12.0/stm32cubeide/plugins/com.st.stm32cube.ide.mcu.externaltools.gnu-tools-for-stm32.10.3-2021.10.win32_1.0.200.202301161003/tools/bin/../lib/gcc/arm-none-eabi/10.3.1/../../../../arm-none-eabi/lib/thumb/v7e-m+fp/hard\libc_nano.a(lib_a-nano-mallocr.o)
 .ARM.attributes
                0x00000000000006bf       0x34 c:/st/stm32cubeide_1.12.0/stm32cubeide/plugins/com.st.stm32cube.ide.mcu.externaltools.gnu-tools-for-stm32.10.3-2021.10.win32_1.0.200.202301161003/tools/bin/../lib/gcc/arm-none-eabi/10.3.1/../../../../arm-none-eabi/lib/thumb/v7e-m+fp/hard\libc_nano.a(lib_a-nano-vfprintf_i.o)
 .ARM.attributes
                0x00000000000006f3       0x34 c:/st/stm32cubeide_1.12.0/stm32cubeide/plugins/com.st.stm32cube.ide.mcu.externaltools.gnu-tools-for-stm32.10.3-2021.10.win32_1.0.200.202301161003/tools/bin/../lib/gcc/arm-none-eabi/10.3.1/../../../../arm-none-eabi/lib/thumb/v7e-m+fp/hard\libc_nano.a(lib_a-reent.o)
 .ARM.attributes
                0x0000000000000727       0x34 c:/st/stm32cubeide_1.12.0/stm32cubeide/plugins/com.st.stm32cube.ide.mcu.externaltools.gnu-tools-for-stm32.10.3-2021.10.win32_1.0.200.202301161003/tools/bin/../lib/gcc/arm-none-eabi/10.3.1/../../../../arm-none-eabi/lib/thumb/v7e-m+fp/hard\libc_nano.a(lib_a-sbrkr.o)
 .ARM.attributes
                0x000000000000075b       0x34 c:/st/stm32cubeide_1.12.0/stm32cubeide/plugins/com.st.stm32cube.ide.mcu.externaltools.gnu-tools-for-stm32.10.3-2021.10.win32_1.0.200.202301161003/tools/bin/../lib/gcc/arm-none-eabi/10.3.1/../../../../arm-none-eabi/lib/thumb/v7e-m+fp/hard\libc_nano.a(lib_a-sprintf.o)
 .ARM.attributes
                0x000000000000078f       0x34 c:/st/stm32cubeide_1.12.0/stm32cubeide/plugins/com.st.stm32cube.ide.mcu.externaltools.gnu-tools-for-stm32.10.3-2021.10.win32_1.0.200.202301161003/tools/bin/../lib/gcc/arm-none-eabi/10.3.1/../../../../arm-none-eabi/lib/thumb/v7e-m+fp/hard\libc_nano.a(lib_a-strcpy.o)
 .ARM.attributes
                0x00000000000007c3       0x1c c:/st/stm32cubeide_1.12.0/stm32cubeide/plugins/com.st.stm32cube.ide.mcu.externaltools.gnu-tools-for-stm32.10.3-2021.10.win32_1.0.200.202301161003/tools/bin/../lib/gcc/arm-none-eabi/10.3.1/../../../../arm-none-eabi/lib/thumb/v7e-m+fp/hard\libc_nano.a(lib_a-memchr.o)
 .ARM.attributes
                0x00000000000007df       0x34 c:/st/stm32cubeide_1.12.0/stm32cubeide/plugins/com.st.stm32cube.ide.mcu.externaltools.gnu-tools-for-stm32.10.3-2021.10.win32_1.0.200.202301161003/tools/bin/../lib/gcc/arm-none-eabi/10.3.1/../../../../arm-none-eabi/lib/thumb/v7e-m+fp/hard\libc_nano.a(lib_a-memmove.o)
 .ARM.attributes
                0x0000000000000813       0x34 c:/st/stm32cubeide_1.12.0/stm32cubeide/plugins/com.st.stm32cube.ide.mcu.externaltools.gnu-tools-for-stm32.10.3-2021.10.win32_1.0.200.202301161003/tools/bin/../lib/gcc/arm-none-eabi/10.3.1/../../../../arm-none-eabi/lib/thumb/v7e-m+fp/hard\libc_nano.a(lib_a-mlock.o)
 .ARM.attributes
                0x0000000000000847       0x34 c:/st/stm32cubeide_1.12.0/stm32cubeide/plugins/com.st.stm32cube.ide.mcu.externaltools.gnu-tools-for-stm32.10.3-2021.10.win32_1.0.200.202301161003/tools/bin/../lib/gcc/arm-none-eabi/10.3.1/../../../../arm-none-eabi/lib/thumb/v7e-m+fp/hard\libc_nano.a(lib_a-nano-reallocr.o)
 .ARM.attributes
                0x000000000000087b       0x34 c:/st/stm32cubeide_1.12.0/stm32cubeide/plugins/com.st.stm32cube.ide.mcu.externaltools.gnu-tools-for-stm32.10.3-2021.10.win32_1.0.200.202301161003/tools/bin/../lib/gcc/arm-none-eabi/10.3.1/../../../../arm-none-eabi/lib/thumb/v7e-m+fp/hard\libc_nano.a(lib_a-nano-svfprintf.o)
 .ARM.attributes
                0x00000000000008af       0x34 c:/st/stm32cubeide_1.12.0/stm32cubeide/plugins/com.st.stm32cube.ide.mcu.externaltools.gnu-tools-for-stm32.10.3-2021.10.win32_1.0.200.202301161003/tools/bin/../lib/gcc/arm-none-eabi/10.3.1/../../../../arm-none-eabi/lib/thumb/v7e-m+fp/hard\libc_nano.a(lib_a-nano-msizer.o)
 .ARM.attributes
                0x00000000000008e3       0x1e c:/st/stm32cubeide_1.12.0/stm32cubeide/plugins/com.st.stm32cube.ide.mcu.externaltools.gnu-tools-for-stm32.10.3-2021.10.win32_1.0.200.202301161003/tools/bin/../lib/gcc/arm-none-eabi/10.3.1/thumb/v7e-m+fp/hard\libgcc.a(_arm_muldf3.o)
 .ARM.attributes
                0x0000000000000901       0x1e c:/st/stm32cubeide_1.12.0/stm32cubeide/plugins/com.st.stm32cube.ide.mcu.externaltools.gnu-tools-for-stm32.10.3-2021.10.win32_1.0.200.202301161003/tools/bin/../lib/gcc/arm-none-eabi/10.3.1/thumb/v7e-m+fp/hard\libgcc.a(_arm_addsubdf3.o)
 .ARM.attributes
                0x000000000000091f       0x1e c:/st/stm32cubeide_1.12.0/stm32cubeide/plugins/com.st.stm32cube.ide.mcu.externaltools.gnu-tools-for-stm32.10.3-2021.10.win32_1.0.200.202301161003/tools/bin/../lib/gcc/arm-none-eabi/10.3.1/thumb/v7e-m+fp/hard\libgcc.a(_arm_fixunsdfsi.o)
 .ARM.attributes
                0x000000000000093d       0x1e c:/st/stm32cubeide_1.12.0/stm32cubeide/plugins/com.st.stm32cube.ide.mcu.externaltools.gnu-tools-for-stm32.10.3-2021.10.win32_1.0.200.202301161003/tools/bin/../lib/gcc/arm-none-eabi/10.3.1/thumb/v7e-m+fp/hard\libgcc.a(_aeabi_uldivmod.o)
 .ARM.attributes
                0x000000000000095b       0x34 c:/st/stm32cubeide_1.12.0/stm32cubeide/plugins/com.st.stm32cube.ide.mcu.externaltools.gnu-tools-for-stm32.10.3-2021.10.win32_1.0.200.202301161003/tools/bin/../lib/gcc/arm-none-eabi/10.3.1/thumb/v7e-m+fp/hard\libgcc.a(_udivmoddi4.o)
 .ARM.attributes
                0x000000000000098f       0x1e c:/st/stm32cubeide_1.12.0/stm32cubeide/plugins/com.st.stm32cube.ide.mcu.externaltools.gnu-tools-for-stm32.10.3-2021.10.win32_1.0.200.202301161003/tools/bin/../lib/gcc/arm-none-eabi/10.3.1/thumb/v7e-m+fp/hard\libgcc.a(_dvmd_tls.o)
 .ARM.attributes
                0x00000000000009ad       0x1e c:/st/stm32cubeide_1.12.0/stm32cubeide/plugins/com.st.stm32cube.ide.mcu.externaltools.gnu-tools-for-stm32.10.3-2021.10.win32_1.0.200.202301161003/tools/bin/../lib/gcc/arm-none-eabi/10.3.1/thumb/v7e-m+fp/hard/crtn.o
OUTPUT(TERMPROJ_1.elf elf32-littlearm)
LOAD linker stubs
LOAD c:/st/stm32cubeide_1.12.0/stm32cubeide/plugins/com.st.stm32cube.ide.mcu.externaltools.gnu-tools-for-stm32.10.3-2021.10.win32_1.0.200.202301161003/tools/bin/../lib/gcc/arm-none-eabi/10.3.1/../../../../arm-none-eabi/lib/thumb/v7e-m+fp/hard\libc.a
LOAD c:/st/stm32cubeide_1.12.0/stm32cubeide/plugins/com.st.stm32cube.ide.mcu.externaltools.gnu-tools-for-stm32.10.3-2021.10.win32_1.0.200.202301161003/tools/bin/../lib/gcc/arm-none-eabi/10.3.1/../../../../arm-none-eabi/lib/thumb/v7e-m+fp/hard\libm.a
LOAD c:/st/stm32cubeide_1.12.0/stm32cubeide/plugins/com.st.stm32cube.ide.mcu.externaltools.gnu-tools-for-stm32.10.3-2021.10.win32_1.0.200.202301161003/tools/bin/../lib/gcc/arm-none-eabi/10.3.1/thumb/v7e-m+fp/hard\libgcc.a

.debug_info     0x0000000000000000    0x1ac1e
 .debug_info    0x0000000000000000     0x21da ./Core/Src/main.o
 .debug_info    0x00000000000021da     0x1529 ./Core/Src/stm32f4xx_hal_msp.o
 .debug_info    0x0000000000003703      0x76a ./Core/Src/stm32f4xx_it.o
 .debug_info    0x0000000000003e6d      0x171 ./Core/Src/sysmem.o
 .debug_info    0x0000000000003fde      0x54f ./Core/Src/system_stm32f4xx.o
 .debug_info    0x000000000000452d       0x22 ./Core/Startup/startup_stm32f411ceux.o
 .debug_info    0x000000000000454f      0x6e6 ./Drivers/Encoder/ENCODER.o
 .debug_info    0x0000000000004c35      0x1af ./Drivers/FollowLine/FollowLine.o
 .debug_info    0x0000000000004de4      0x1e3 ./Drivers/LineSensor/LineSen.o
 .debug_info    0x0000000000004fc7      0x90d ./Drivers/STM32F4xx_HAL_Driver/Src/stm32f4xx_hal.o
 .debug_info    0x00000000000058d4      0xd8b ./Drivers/STM32F4xx_HAL_Driver/Src/stm32f4xx_hal_cortex.o
 .debug_info    0x000000000000665f      0x78e ./Drivers/STM32F4xx_HAL_Driver/Src/stm32f4xx_hal_gpio.o
 .debug_info    0x0000000000006ded     0x260f ./Drivers/STM32F4xx_HAL_Driver/Src/stm32f4xx_hal_i2c.o
 .debug_info    0x00000000000093fc      0x98d ./Drivers/STM32F4xx_HAL_Driver/Src/stm32f4xx_hal_rcc.o
 .debug_info    0x0000000000009d89     0x2bb6 ./Drivers/STM32F4xx_HAL_Driver/Src/stm32f4xx_hal_tim.o
 .debug_info    0x000000000000c93f     0x15d8 ./Drivers/STM32F4xx_HAL_Driver/Src/stm32f4xx_hal_tim_ex.o
 .debug_info    0x000000000000df17     0x31b4 ./Drivers/STM32F4xx_HAL_Driver/Src/stm32f4xx_hal_uart.o
 .debug_info    0x00000000000110cb      0x817 ./Drivers/Ultrasonic/UltraSonic.o
 .debug_info    0x00000000000118e2      0x7da ./Drivers/motor/MOTOR_DRIVER.o
 .debug_info    0x00000000000120bc     0x3773 ./Drivers/tof/core/src/vl53l0x_api.o
 .debug_info    0x000000000001582f     0x1e5e ./Drivers/tof/core/src/vl53l0x_api_calibration.o
 .debug_info    0x000000000001768d     0x22db ./Drivers/tof/core/src/vl53l0x_api_core.o
 .debug_info    0x0000000000019968     0x12b6 ./Drivers/tof/platform/src/vl53l0x_platform.o

.debug_abbrev   0x0000000000000000     0x2dc7
 .debug_abbrev  0x0000000000000000      0x307 ./Core/Src/main.o
 .debug_abbrev  0x0000000000000307      0x20a ./Core/Src/stm32f4xx_hal_msp.o
 .debug_abbrev  0x0000000000000511      0x195 ./Core/Src/stm32f4xx_it.o
 .debug_abbrev  0x00000000000006a6       0xbb ./Core/Src/sysmem.o
 .debug_abbrev  0x0000000000000761      0x116 ./Core/Src/system_stm32f4xx.o
 .debug_abbrev  0x0000000000000877       0x12 ./Core/Startup/startup_stm32f411ceux.o
 .debug_abbrev  0x0000000000000889      0x184 ./Drivers/Encoder/ENCODER.o
 .debug_abbrev  0x0000000000000a0d       0xb0 ./Drivers/FollowLine/FollowLine.o
 .debug_abbrev  0x0000000000000abd       0xf2 ./Drivers/LineSensor/LineSen.o
 .debug_abbrev  0x0000000000000baf      0x23e ./Drivers/STM32F4xx_HAL_Driver/Src/stm32f4xx_hal.o
 .debug_abbrev  0x0000000000000ded      0x316 ./Drivers/STM32F4xx_HAL_Driver/Src/stm32f4xx_hal_cortex.o
 .debug_abbrev  0x0000000000001103      0x1c4 ./Drivers/STM32F4xx_HAL_Driver/Src/stm32f4xx_hal_gpio.o
 .debug_abbrev  0x00000000000012c7      0x2a8 ./Drivers/STM32F4xx_HAL_Driver/Src/stm32f4xx_hal_i2c.o
 .debug_abbrev  0x000000000000156f      0x2aa ./Drivers/STM32F4xx_HAL_Driver/Src/stm32f4xx_hal_rcc.o
 .debug_abbrev  0x0000000000001819      0x26e ./Drivers/STM32F4xx_HAL_Driver/Src/stm32f4xx_hal_tim.o