../Core/Src/main.c:120:5:main	80	static
../Core/Src/main.c:281:6:SystemClock_Config	88	static
../Core/Src/main.c:323:13:MX_I2C1_Init	8	static
../Core/Src/main.c:357:13:MX_TIM1_Init	96	static
../Core/Src/main.c:439:13:MX_TIM2_Init	64	static
../Core/Src/main.c:509:13:MX_TIM3_Init	64	static
../Core/Src/main.c:579:13:MX_TIM4_Init	48	static
../Core/Src/main.c:637:13:MX_TIM10_Init	40	static
../Core/Src/main.c:683:13:MX_USART1_UART_Init	8	static
../Core/Src/main.c:716:13:MX_USART6_UART_Init	8	static
../Core/Src/main.c:749:13:MX_GPIO_Init	40	static
../Core/Src/main.c:777:6:HAL_TIM_IC_CaptureCallback	24	static
../Core/Src/main.c:835:6:Error_Handler	4	static,ignoring_inline_asm
